Executing action: monitor
Running idf_monitor in directory /mnt/c/Users/kissy/esp32_power_modeling/firmware/esp32_first_measurement
Executing "/home/yukari/.espressif/python_env/idf5.1_py3.12_env/bin/python /home/yukari/esp-idf/tools/idf_monitor.py -p /dev/ttyUSB0 -b 115200 --toolchain-prefix xtensa-esp32-elf- --target esp32 --revision 0 /mnt/c/Users/kissy/esp32_power_modeling/firmware/esp32_first_measurement/build/hello_world.elf -m '/home/yukari/.espressif/python_env/idf5.1_py3.12_env/bin/python' '/home/yukari/esp-idf/tools/idf.py' '-p' '/dev/ttyUSB0'"...
ets Jul 29 2019 12:21:46

rst:0x1 (POWERON_RESET),boot:0x13 (SPI_FAST_FLASH_BOOT)
configsip: 0, SPIWP:0xee
clk_drv:0x00,q_drv:0x00,d_drv:0x00,cs0_drv:0x00,hd_drv:0x00,wp_drv:0x00
mode:DIO, clock div:2
load:0x3fff0030,len:7112
load:0x40078000,len:15688
load:0x40080400,len:4
load:0x40080404,len:3876
entry 0x4008064c
[0;32mI (29) boot: ESP-IDF v5.1.6 2nd stage bootloader[0m
[0;32mI (29) boot: compile time Jun 16 2026 15:06:39[0m
[0;32mI (29) boot: Multicore bootloader[0m
[0;32mI (34) boot: chip revision: v3.1[0m
[0;32mI (37) boot.esp32: SPI Speed      : 40MHz[0m
[0;32mI (42) boot.esp32: SPI Mode       : DIO[0m
[0;32mI (47) boot.esp32: SPI Flash Size : 2MB[0m
[0;32mI (51) boot: Enabling RNG early entropy source...[0m
[0;32mI (57) boot: Partition Table:[0m
[0;32mI (60) boot: ## Label            Usage          Type ST Offset   Length[0m
[0;32mI (67) boot:  0 nvs              WiFi data        01 02 00009000 00006000[0m
[0;32mI (75) boot:  1 phy_init         RF data          01 01 0000f000 00001000[0m
[0;32mI (82) boot:  2 factory          factory app      00 00 00010000 00100000[0m
[0;32mI (90) boot: End of partition table[0m
[0;32mI (94) esp_image: segment 0: paddr=00010020 vaddr=3f400020 size=0ab68h ( 43880) map[0m
[0;32mI (118) esp_image: segment 1: paddr=0001ab90 vaddr=3ffb0000 size=021a0h (  8608) load[0m
[0;32mI (122) esp_image: segment 2: paddr=0001cd38 vaddr=40080000 size=032e0h ( 13024) load[0m
[0;32mI (130) esp_image: segment 3: paddr=00020020 vaddr=400d0020 size=16708h ( 91912) map[0m
[0;32mI (166) esp_image: segment 4: paddr=00036730 vaddr=400832e0 size=0a304h ( 41732) load[0m
[0;32mI (190) boot: Loaded app from partition at offset 0x10000[0m
[0;32mI (190) boot: Disabling RNG early entropy source...[0m
[0;32mI (202) cpu_start: Multicore app[0m
[0;32mI (203) cpu_start: Pro cpu up.[0m
[0;32mI (203) cpu_start: Starting app cpu, entry point is 0x4008122c[0m
[0;32mI (0) cpu_start: App cpu up.[0m
[0;32mI (220) cpu_start: Pro cpu start user code[0m
[0;32mI (220) cpu_start: cpu freq: 160000000 Hz[0m
[0;32mI (220) cpu_start: Application information:[0m
[0;32mI (225) cpu_start: Project name:     hello_world[0m
[0;32mI (230) cpu_start: App version:      2ddf278-dirty[0m
[0;32mI (236) cpu_start: Compile time:     Jun 17 2026 14:12:42[0m
[0;32mI (242) cpu_start: ELF file SHA256:  3ef473e2fa290be1...[0m
[0;32mI (248) cpu_start: ESP-IDF:          v5.1.6[0m
[0;32mI (252) cpu_start: Min chip rev:     v0.0[0m
[0;32mI (257) cpu_start: Max chip rev:     v3.99 [0m
[0;32mI (262) cpu_start: Chip rev:         v3.1[0m
[0;32mI (267) heap_init: Initializing. RAM available for dynamic allocation:[0m
[0;32mI (274) heap_init: At 3FFAE6E0 len 00001920 (6 KiB): DRAM[0m
[0;32mI (280) heap_init: At 3FFB2A50 len 0002D5B0 (181 KiB): DRAM[0m
[0;32mI (286) heap_init: At 3FFE0440 len 00003AE0 (14 KiB): D/IRAM[0m
[0;32mI (293) heap_init: At 3FFE4350 len 0001BCB0 (111 KiB): D/IRAM[0m
[0;32mI (299) heap_init: At 4008D5E4 len 00012A1C (74 KiB): IRAM[0m
[0;32mI (307) spi_flash: detected chip: generic[0m
[0;32mI (310) spi_flash: flash io: dio[0m
[0;33mW (314) spi_flash: Detected size(4096k) larger than the size in the binary image header(2048k). Using the size in the binary image header.[0m
[0;32mI (328) app_start: Starting scheduler on CPU0[0m
[0;32mI (332) app_start: Starting scheduler on CPU1[0m
[0;32mI (332) main_task: Started on CPU0[0m
[0;32mI (342) main_task: Calling app_main()[0m
# config=0x4127
# calibration=0x2800
# manufacturer_id=0x5449
# die_id=0x2260
# experiment=first_measurement
# composition=CPU_only
# task_type=fixed_integer_arithmetic
# intensity=medium
# workload_core=1
# busy_ms=50
# cycle_ms=100
# initial_idle_ms=10000
# active_duration_ms=20000
# final_idle_ms=10000
# measurement_interval_ms=20
timestamp_ms,shunt_voltage_mV,bus_voltage_V,current_mA,power_mW,workload_state,status
0,0.440000,5.077500,44.000,223.750,0,OK
# phase=initial_idle
15,0.327500,5.092500,32.750,166.250,0,OK
35,0.335000,5.093750,32.750,166.250,0,OK
55,0.325000,5.092500,32.500,166.250,0,OK
75,0.327500,5.092500,33.000,167.500,0,OK
95,0.325000,5.092500,32.500,166.250,0,OK
115,0.325000,5.090000,32.500,166.250,0,OK
135,0.325000,5.095000,32.500,166.250,0,OK
155,0.322500,5.092500,32.250,163.750,0,OK
175,0.327500,5.095000,32.750,166.250,0,OK
195,0.327500,5.093750,32.750,166.250,0,OK
215,0.327500,5.093750,32.500,166.250,0,OK
235,0.327500,5.095000,32.750,166.250,0,OK
255,0.327500,5.092500,32.250,166.250,0,OK
275,0.325000,5.092500,32.500,166.250,0,OK
295,0.325000,5.092500,32.500,166.250,0,OK
315,0.327500,5.095000,32.750,166.250,0,OK
335,0.327500,5.093750,32.750,166.250,0,OK
355,0.325000,5.092500,32.500,166.250,0,OK
375,0.327500,5.093750,32.750,166.250,0,OK
395,0.327500,5.093750,32.750,166.250,0,OK
415,0.325000,5.093750,32.500,166.250,0,OK
435,0.325000,5.093750,32.500,166.250,0,OK
455,0.327500,5.087500,32.750,166.250,0,OK
475,0.325000,5.092500,32.500,166.250,0,OK
495,0.325000,5.093750,32.500,166.250,0,OK
515,0.330000,5.093750,33.000,167.500,0,OK
535,0.327500,5.093750,32.750,166.250,0,OK
555,0.327500,5.092500,32.500,166.250,0,OK
575,0.325000,5.093750,33.000,167.500,0,OK
595,0.325000,5.093750,32.500,166.250,0,OK
615,0.322500,5.093750,32.250,163.750,0,OK
635,0.327500,5.092500,32.750,166.250,0,OK
655,0.325000,5.093750,32.500,166.250,0,OK
675,0.327500,5.093750,32.750,166.250,0,OK
695,0.330000,5.095000,33.000,167.500,0,OK
715,0.327500,5.095000,32.750,166.250,0,OK
735,0.327500,5.093750,32.500,166.250,0,OK
755,0.325000,5.093750,32.500,166.250,0,OK
775,0.322500,5.092500,32.750,163.750,0,OK
795,0.325000,5.088750,32.500,166.250,0,OK
815,0.325000,5.092500,32.500,166.250,0,OK
835,0.325000,5.093750,32.500,166.250,0,OK
855,0.327500,5.092500,32.750,166.250,0,OK
875,0.327500,5.093750,32.750,166.250,0,OK
895,0.332500,5.092500,32.500,166.250,0,OK
915,0.322500,5.093750,32.750,166.250,0,OK
935,0.325000,5.091250,32.750,166.250,0,OK
955,0.327500,5.093750,32.750,166.250,0,OK
975,0.327500,5.091250,32.750,166.250,0,OK
995,0.325000,5.093750,32.500,166.250,0,OK
1015,0.327500,5.093750,32.750,166.250,0,OK
1035,0.325000,5.093750,32.500,166.250,0,OK
1055,0.325000,5.092500,32.500,166.250,0,OK
1075,0.325000,5.092500,32.500,166.250,0,OK
1095,0.327500,5.093750,32.750,166.250,0,OK
1115,0.327500,5.093750,32.500,166.250,0,OK
1135,0.327500,5.095000,32.750,166.250,0,OK
1155,0.325000,5.091250,32.500,166.250,0,OK
1175,0.330000,5.092500,33.000,167.500,0,OK
1195,0.325000,5.093750,32.500,166.250,0,OK
1215,0.322500,5.092500,32.250,163.750,0,OK
1235,0.325000,5.093750,32.500,166.250,0,OK
1255,0.327500,5.092500,32.250,163.750,0,OK
1275,0.325000,5.095000,32.500,166.250,0,OK
1295,0.325000,5.093750,32.500,166.250,0,OK
1315,0.327500,5.090000,32.750,166.250,0,OK
1335,0.325000,5.093750,32.500,166.250,0,OK
1355,0.325000,5.092500,32.500,166.250,0,OK
1375,0.322500,5.093750,32.250,163.750,0,OK
1395,0.325000,5.093750,32.500,166.250,0,OK
1415,0.330000,5.092500,32.750,166.250,0,OK
1435,0.322500,5.093750,32.500,166.250,0,OK
1455,0.325000,5.093750,32.250,166.250,0,OK
1475,0.322500,5.093750,32.250,163.750,0,OK
1495,0.327500,5.091250,32.750,166.250,0,OK
1515,0.327500,5.093750,32.750,166.250,0,OK
1535,0.322500,5.093750,32.250,163.750,0,OK
1555,0.325000,5.092500,32.500,166.250,0,OK
1575,0.327500,5.093750,32.750,166.250,0,OK
1595,0.327500,5.093750,33.000,167.500,0,OK
1615,0.327500,5.092500,32.500,166.250,0,OK
1635,0.327500,5.093750,32.500,166.250,0,OK
1655,0.322500,5.088750,32.250,163.750,0,OK
1675,0.325000,5.093750,32.500,166.250,0,OK
1695,0.330000,5.092500,33.000,167.500,0,OK
1715,0.325000,5.093750,32.500,166.250,0,OK
1735,0.327500,5.093750,32.750,166.250,0,OK
1755,0.325000,5.093750,32.500,166.250,0,OK
1775,0.325000,5.092500,32.500,166.250,0,OK
1795,0.327500,5.092500,32.500,166.250,0,OK
1815,0.325000,5.093750,32.500,166.250,0,OK
1835,0.325000,5.088750,32.500,166.250,0,OK
1855,0.327500,5.093750,32.750,166.250,0,OK
1875,0.325000,5.092500,32.500,166.250,0,OK
1895,0.325000,5.093750,32.500,166.250,0,OK
1915,0.325000,5.093750,32.500,166.250,0,OK
1935,0.325000,5.093750,32.500,166.250,0,OK
1955,0.327500,5.092500,32.500,166.250,0,OK
1975,0.325000,5.092500,32.500,166.250,0,OK
1995,0.327500,5.095000,32.750,166.250,0,OK
2015,0.325000,5.093750,32.500,166.250,0,OK
2035,0.327500,5.092500,32.750,166.250,0,OK
2055,0.327500,5.092500,32.750,166.250,0,OK
2075,0.325000,5.093750,32.500,166.250,0,OK
2095,0.325000,5.092500,32.500,166.250,0,OK
2115,0.325000,5.093750,32.500,166.250,0,OK
2135,0.327500,5.093750,32.500,166.250,0,OK
2155,0.330000,5.092500,32.500,167.500,0,OK
2175,0.327500,5.090000,32.750,166.250,0,OK
2195,0.325000,5.092500,32.500,166.250,0,OK
2215,0.325000,5.093750,32.500,166.250,0,OK
2235,0.325000,5.095000,32.500,166.250,0,OK
2255,0.322500,5.092500,32.250,163.750,0,OK
2275,0.330000,5.093750,33.000,167.500,0,OK
2295,0.325000,5.093750,32.500,166.250,0,OK
2315,0.325000,5.093750,32.500,166.250,0,OK
2335,0.327500,5.091250,32.750,166.250,0,OK
2355,0.325000,5.091250,32.500,166.250,0,OK
2375,0.327500,5.093750,32.750,166.250,0,OK
2395,0.325000,5.093750,32.500,166.250,0,OK
2415,0.327500,5.093750,32.750,166.250,0,OK
2435,0.325000,5.095000,32.500,166.250,0,OK
2455,0.327500,5.093750,32.750,166.250,0,OK
2475,0.322500,5.093750,32.250,163.750,0,OK
2495,0.325000,5.092500,32.250,166.250,0,OK
2515,0.322500,5.088750,32.250,163.750,0,OK
2535,0.325000,5.093750,32.500,166.250,0,OK
2555,0.327500,5.092500,32.750,166.250,0,OK
2575,0.327500,5.093750,32.750,166.250,0,OK
2595,0.327500,5.092500,32.750,166.250,0,OK
2615,0.325000,5.093750,32.500,166.250,0,OK
2635,0.327500,5.093750,32.500,166.250,0,OK
2655,0.327500,5.092500,32.750,166.250,0,OK
2675,0.327500,5.092500,32.750,166.250,0,OK
2695,0.322500,5.090000,32.250,163.750,0,OK
2715,0.322500,5.093750,32.250,163.750,0,OK
2735,0.327500,5.092500,32.750,166.250,0,OK
2755,0.325000,5.092500,32.500,166.250,0,OK
2775,0.327500,5.093750,32.750,166.250,0,OK
2795,0.325000,5.093750,32.500,166.250,0,OK
2815,0.327500,5.093750,32.250,163.750,0,OK
2835,0.327500,5.093750,32.750,166.250,0,OK
2855,0.325000,5.093750,32.500,166.250,0,OK
2875,0.325000,5.093750,32.500,166.250,0,OK
2895,0.327500,5.092500,32.750,166.250,0,OK
2915,0.325000,5.093750,32.500,166.250,0,OK
2935,0.325000,5.093750,32.500,166.250,0,OK
2955,0.327500,5.092500,32.750,166.250,0,OK
2975,0.330000,5.092500,32.750,166.250,0,OK
2995,0.327500,5.093750,32.500,166.250,0,OK
3015,0.325000,5.093750,32.500,166.250,0,OK
3035,0.325000,5.091250,32.500,166.250,0,OK
3055,0.325000,5.093750,32.500,166.250,0,OK
3075,0.325000,5.092500,32.500,166.250,0,OK
3095,0.327500,5.093750,32.750,166.250,0,OK
3115,0.322500,5.093750,32.250,163.750,0,OK
3135,0.327500,5.093750,32.500,166.250,0,OK
3155,0.327500,5.092500,32.750,166.250,0,OK
3175,0.330000,5.093750,32.750,167.500,0,OK
3195,0.327500,5.093750,32.750,166.250,0,OK
3215,0.327500,5.092500,32.750,166.250,0,OK
3235,0.327500,5.093750,32.750,166.250,0,OK
3255,0.325000,5.092500,32.500,166.250,0,OK
3275,0.327500,5.093750,32.750,166.250,0,OK
3295,0.327500,5.093750,32.750,166.250,0,OK
3315,0.327500,5.093750,32.750,166.250,0,OK
3335,0.325000,5.093750,32.750,166.250,0,OK
3355,0.327500,5.092500,32.500,166.250,0,OK
3375,0.325000,5.088750,32.500,166.250,0,OK
3395,0.330000,5.093750,33.000,167.500,0,OK
3415,0.327500,5.093750,32.750,166.250,0,OK
3435,0.327500,5.093750,32.750,166.250,0,OK
3455,0.327500,5.092500,32.750,166.250,0,OK
3475,0.327500,5.092500,32.750,166.250,0,OK
3495,0.327500,5.093750,33.000,167.500,0,OK
3515,0.327500,5.092500,33.000,167.500,0,OK
3535,0.325000,5.092500,32.500,166.250,0,OK
3555,0.327500,5.091250,32.750,166.250,0,OK
3575,0.327500,5.093750,32.750,166.250,0,OK
3595,0.322500,5.092500,32.250,163.750,0,OK
3615,0.325000,5.093750,32.500,166.250,0,OK
3635,0.325000,5.093750,32.500,166.250,0,OK
3655,0.327500,5.093750,32.750,166.250,0,OK
3675,0.325000,5.093750,32.750,166.250,0,OK
3695,0.322500,5.093750,32.500,163.750,0,OK
3715,0.327500,5.093750,32.750,166.250,0,OK
3735,0.327500,5.092500,32.750,166.250,0,OK
3755,0.327500,5.093750,32.750,166.250,0,OK
3775,0.327500,5.092500,32.750,166.250,0,OK
3795,0.325000,5.092500,32.500,166.250,0,OK
3815,0.327500,5.093750,32.750,166.250,0,OK
3835,0.327500,5.093750,32.750,166.250,0,OK
3855,0.325000,5.092500,33.000,167.500,0,OK
3875,0.327500,5.093750,32.500,166.250,0,OK
3895,0.325000,5.090000,32.500,166.250,0,OK
3915,0.327500,5.093750,32.750,166.250,0,OK
3935,0.322500,5.092500,32.250,163.750,0,OK
3955,0.327500,5.093750,32.750,166.250,0,OK
3975,0.330000,5.095000,33.000,167.500,0,OK
3995,0.332500,5.093750,32.750,166.250,0,OK
4015,0.325000,5.095000,32.750,166.250,0,OK
4035,0.327500,5.095000,32.750,166.250,0,OK
4055,0.327500,5.093750,32.750,166.250,0,OK
4075,0.325000,5.091250,32.500,166.250,0,OK
4095,0.322500,5.093750,32.250,163.750,0,OK
4115,0.325000,5.095000,32.500,166.250,0,OK
4135,0.327500,5.093750,32.750,166.250,0,OK
4155,0.327500,5.093750,32.750,166.250,0,OK
4175,0.325000,5.095000,32.750,166.250,0,OK
4195,0.322500,5.093750,32.750,166.250,0,OK
4215,0.330000,5.095000,32.750,167.500,0,OK
4235,0.327500,5.090000,32.750,166.250,0,OK
4255,0.327500,5.093750,32.750,166.250,0,OK
4275,0.325000,5.093750,32.500,166.250,0,OK
4295,0.327500,5.093750,32.750,166.250,0,OK
4315,0.327500,5.093750,32.750,166.250,0,OK
4335,0.327500,5.092500,32.750,166.250,0,OK
4355,0.327500,5.093750,32.500,166.250,0,OK
4375,0.327500,5.093750,32.500,166.250,0,OK
4395,0.325000,5.092500,32.500,166.250,0,OK
4415,0.327500,5.091250,32.750,166.250,0,OK
4435,0.330000,5.093750,33.000,167.500,0,OK
4455,0.325000,5.093750,32.500,166.250,0,OK
4475,0.327500,5.093750,32.750,166.250,0,OK
4495,0.325000,5.093750,32.500,166.250,0,OK
4515,0.325000,5.093750,32.750,166.250,0,OK
4535,0.325000,5.093750,32.500,166.250,0,OK
4555,0.327500,5.092500,32.750,166.250,0,OK
4575,0.327500,5.093750,32.750,166.250,0,OK
4595,0.327500,5.091250,32.750,166.250,0,OK
4615,0.325000,5.093750,32.500,166.250,0,OK
4635,0.327500,5.093750,32.750,166.250,0,OK
4655,0.325000,5.092500,32.500,166.250,0,OK
4675,0.327500,5.093750,32.750,166.250,0,OK
4695,0.325000,5.093750,32.750,166.250,0,OK
4715,0.325000,5.092500,32.750,166.250,0,OK
4735,0.327500,5.092500,33.000,166.250,0,OK
4755,0.327500,5.090000,32.750,166.250,0,OK
4775,0.327500,5.092500,32.750,166.250,0,OK
4795,0.327500,5.093750,32.750,166.250,0,OK
4815,0.327500,5.093750,32.750,166.250,0,OK
4835,0.327500,5.093750,32.750,166.250,0,OK
4855,0.327500,5.093750,32.500,166.250,0,OK
4875,0.325000,5.093750,32.500,166.250,0,OK
4895,0.325000,5.093750,32.500,166.250,0,OK
4915,0.325000,5.095000,32.500,166.250,0,OK
4935,0.327500,5.092500,32.750,166.250,0,OK
4955,0.327500,5.092500,32.750,166.250,0,OK
4975,0.327500,5.093750,32.750,166.250,0,OK
4995,0.330000,5.092500,33.000,167.500,0,OK
5015,0.327500,5.092500,32.750,166.250,0,OK
5035,0.325000,5.093750,32.750,166.250,0,OK
5055,0.325000,5.093750,32.750,166.250,0,OK
5075,0.325000,5.092500,32.750,166.250,0,OK
5095,0.325000,5.090000,32.500,166.250,0,OK
5115,0.325000,5.093750,32.500,166.250,0,OK
5135,0.325000,5.092500,32.500,166.250,0,OK
5155,0.327500,5.093750,32.750,166.250,0,OK
5175,0.322500,5.092500,32.250,163.750,0,OK
5195,0.325000,5.093750,32.500,166.250,0,OK
5215,0.327500,5.093750,32.500,166.250,0,OK
5235,0.322500,5.093750,32.750,166.250,0,OK
5255,0.325000,5.095000,32.500,166.250,0,OK
5275,0.325000,5.091250,32.500,166.250,0,OK
5295,0.325000,5.093750,32.500,166.250,0,OK
5315,0.330000,5.095000,33.000,167.500,0,OK
5335,0.327500,5.093750,32.750,166.250,0,OK
5355,0.327500,5.092500,32.750,166.250,0,OK
5375,0.325000,5.092500,32.750,166.250,0,OK
5395,0.327500,5.093750,33.000,167.500,0,OK
5415,0.327500,5.093750,32.500,166.250,0,OK
5435,0.325000,5.092500,32.500,166.250,0,OK
5455,0.327500,5.092500,32.750,166.250,0,OK
5475,0.325000,5.092500,32.500,166.250,0,OK
5495,0.330000,5.092500,33.000,167.500,0,OK
5515,0.325000,5.093750,32.500,166.250,0,OK
5535,0.327500,5.093750,32.750,166.250,0,OK
5555,0.322500,5.093750,32.500,166.250,0,OK
5575,0.325000,5.093750,32.750,166.250,0,OK
5595,0.327500,5.093750,33.000,166.250,0,OK
5615,0.327500,5.090000,32.750,166.250,0,OK
5635,0.327500,5.093750,32.750,166.250,0,OK
5655,0.322500,5.093750,32.250,163.750,0,OK
5675,0.325000,5.093750,32.500,166.250,0,OK
5695,0.325000,5.093750,32.500,166.250,0,OK
5715,0.330000,5.092500,32.750,166.250,0,OK
5735,0.325000,5.093750,33.000,167.500,0,OK
5755,0.325000,5.092500,32.250,166.250,0,OK
5775,0.325000,5.093750,32.500,166.250,0,OK
5795,0.325000,5.091250,32.500,166.250,0,OK
5815,0.325000,5.095000,32.500,166.250,0,OK
5835,0.327500,5.093750,32.750,166.250,0,OK
5855,0.325000,5.092500,32.500,166.250,0,OK
5875,0.327500,5.092500,32.750,166.250,0,OK
5895,0.322500,5.093750,32.500,166.250,0,OK
5915,0.325000,5.092500,32.750,166.250,0,OK
5935,0.325000,5.093750,32.750,166.250,0,OK
5955,0.327500,5.087500,32.750,166.250,0,OK
5975,0.325000,5.092500,32.500,166.250,0,OK
5995,0.327500,5.093750,32.750,166.250,0,OK
6015,0.330000,5.093750,33.000,167.500,0,OK
6035,0.325000,5.092500,32.500,166.250,0,OK
6055,0.327500,5.093750,32.750,166.250,0,OK
6075,0.325000,5.092500,32.500,166.250,0,OK
6095,0.330000,5.092500,32.750,166.250,0,OK
6115,0.327500,5.092500,32.750,166.250,0,OK
6135,0.327500,5.091250,32.750,166.250,0,OK
6155,0.327500,5.092500,32.750,166.250,0,OK
6175,0.325000,5.092500,32.500,166.250,0,OK
6195,0.327500,5.095000,32.750,166.250,0,OK
6215,0.325000,5.095000,32.500,166.250,0,OK
6235,0.327500,5.093750,32.500,166.250,0,OK
6255,0.325000,5.092500,32.500,166.250,0,OK
6275,0.327500,5.092500,33.000,166.250,0,OK
6295,0.327500,5.093750,32.750,166.250,0,OK
6315,0.327500,5.091250,32.750,166.250,0,OK
6335,0.327500,5.093750,32.750,166.250,0,OK
6355,0.327500,5.092500,32.750,166.250,0,OK
6375,0.327500,5.093750,32.750,166.250,0,OK
6395,0.325000,5.093750,32.500,166.250,0,OK
6415,0.325000,5.093750,32.500,166.250,0,OK
6435,0.327500,5.093750,32.500,166.250,0,OK
6455,0.327500,5.093750,32.750,166.250,0,OK
6475,0.327500,5.088750,32.750,166.250,0,OK
6495,0.327500,5.093750,32.750,166.250,0,OK
6515,0.327500,5.093750,32.750,166.250,0,OK
6535,0.327500,5.093750,32.750,166.250,0,OK
6555,0.325000,5.092500,32.500,166.250,0,OK
6575,0.332500,5.093750,32.500,166.250,0,OK
6595,0.325000,5.093750,32.750,166.250,0,OK
6615,0.327500,5.093750,33.000,166.250,0,OK
6635,0.327500,5.095000,32.750,166.250,0,OK
6655,0.327500,5.092500,32.750,166.250,0,OK
6675,0.327500,5.093750,32.750,166.250,0,OK
6695,0.330000,5.092500,33.000,167.500,0,OK
6715,0.325000,5.093750,32.500,166.250,0,OK
6735,0.327500,5.093750,32.750,166.250,0,OK
6755,0.330000,5.092500,32.750,166.250,0,OK
6775,0.325000,5.092500,32.750,166.250,0,OK
6795,0.327500,5.092500,32.750,166.250,0,OK
6815,0.325000,5.090000,32.500,166.250,0,OK
6835,0.327500,5.092500,32.750,166.250,0,OK
6855,0.327500,5.092500,32.750,166.250,0,OK
6875,0.327500,5.092500,32.750,166.250,0,OK
6895,0.325000,5.092500,32.500,166.250,0,OK
6915,0.325000,5.093750,32.500,166.250,0,OK
6935,0.327500,5.093750,32.750,166.250,0,OK
6955,0.325000,5.092500,32.500,166.250,0,OK
6975,0.327500,5.092500,32.750,166.250,0,OK
6995,0.330000,5.091250,33.000,167.500,0,OK
7015,0.330000,5.093750,33.000,167.500,0,OK
7035,0.327500,5.092500,32.750,166.250,0,OK
7055,0.327500,5.092500,32.750,166.250,0,OK
7075,0.327500,5.092500,32.750,166.250,0,OK
7095,0.327500,5.092500,32.750,166.250,0,OK
7115,0.325000,5.093750,32.750,166.250,0,OK
7135,0.325000,5.093750,32.500,166.250,0,OK
7155,0.327500,5.092500,32.750,166.250,0,OK
7175,0.327500,5.091250,32.750,166.250,0,OK
7195,0.325000,5.092500,32.500,166.250,0,OK
7215,0.327500,5.091250,32.750,166.250,0,OK
7235,0.327500,5.093750,32.750,166.250,0,OK
7255,0.327500,5.092500,32.750,166.250,0,OK
7275,0.330000,5.093750,32.750,166.250,0,OK
7295,0.325000,5.093750,33.000,167.500,0,OK
7315,0.325000,5.093750,32.500,166.250,0,OK
7335,0.327500,5.088750,32.750,166.250,0,OK
7355,0.327500,5.093750,32.750,166.250,0,OK
7375,0.325000,5.093750,32.500,166.250,0,OK
7395,0.325000,5.093750,32.500,166.250,0,OK
7415,0.327500,5.093750,32.750,166.250,0,OK
7435,0.332500,5.093750,33.000,167.500,0,OK
7455,0.327500,5.092500,32.750,166.250,0,OK
7475,0.327500,5.093750,32.500,166.250,0,OK
7495,0.325000,5.093750,32.500,166.250,0,OK
7515,0.325000,5.091250,32.500,166.250,0,OK
7535,0.325000,5.093750,32.500,166.250,0,OK
7555,0.325000,5.092500,32.500,166.250,0,OK
7575,0.327500,5.092500,32.750,166.250,0,OK
7595,0.330000,5.092500,33.000,167.500,0,OK
7615,0.325000,5.093750,32.500,166.250,0,OK
7635,0.327500,5.093750,32.750,166.250,0,OK
7655,0.327500,5.092500,32.750,166.250,0,OK
7675,0.325000,5.087500,32.500,166.250,0,OK
7695,0.327500,5.093750,32.750,166.250,0,OK
7715,0.325000,5.093750,32.500,166.250,0,OK
7735,0.330000,5.093750,33.000,167.500,0,OK
7755,0.327500,5.092500,32.750,166.250,0,OK
7775,0.325000,5.093750,32.500,166.250,0,OK
7795,0.327500,5.093750,32.500,166.250,0,OK
7815,0.327500,5.093750,32.750,166.250,0,OK
7835,0.330000,5.093750,33.000,167.500,0,OK
7855,0.325000,5.090000,32.500,166.250,0,OK
7875,0.325000,5.093750,32.500,166.250,0,OK
7895,0.327500,5.092500,32.750,166.250,0,OK
7915,0.330000,5.093750,33.000,167.500,0,OK
7935,0.330000,5.095000,33.000,167.500,0,OK
7955,0.325000,5.093750,32.500,166.250,0,OK
7975,0.327500,5.092500,32.750,166.250,0,OK
7995,0.327500,5.093750,32.750,166.250,0,OK
8015,0.327500,5.093750,32.750,166.250,0,OK
8035,0.325000,5.091250,32.500,166.250,0,OK
8055,0.325000,5.093750,32.500,166.250,0,OK
8075,0.327500,5.092500,32.750,166.250,0,OK
8095,0.325000,5.093750,32.500,166.250,0,OK
8115,0.327500,5.093750,32.750,166.250,0,OK
8135,0.327500,5.091250,32.500,166.250,0,OK
8155,0.327500,5.093750,32.500,166.250,0,OK
8175,0.325000,5.093750,32.500,166.250,0,OK
8195,0.327500,5.087500,32.750,166.250,0,OK
8215,0.327500,5.093750,32.750,166.250,0,OK
8235,0.325000,5.092500,32.500,166.250,0,OK
8255,0.325000,5.092500,32.500,166.250,0,OK
8275,0.325000,5.092500,32.500,166.250,0,OK
8295,0.330000,5.091250,32.500,166.250,0,OK
8315,0.322500,5.093750,32.500,166.250,0,OK
8335,0.327500,5.093750,32.750,166.250,0,OK
8355,0.327500,5.093750,32.750,166.250,0,OK
8375,0.327500,5.091250,32.750,166.250,0,OK
8395,0.325000,5.093750,32.500,166.250,0,OK
8415,0.327500,5.096250,32.750,166.250,0,OK
8435,0.327500,5.093750,32.750,166.250,0,OK
8455,0.327500,5.093750,32.750,166.250,0,OK
8475,0.327500,5.093750,32.750,166.250,0,OK
8495,0.327500,5.093750,32.750,166.250,0,OK
8515,0.327500,5.093750,32.750,166.250,0,OK
8535,0.325000,5.088750,32.500,166.250,0,OK
8555,0.325000,5.092500,32.500,166.250,0,OK
8575,0.327500,5.093750,32.750,166.250,0,OK
8595,0.327500,5.095000,32.750,166.250,0,OK
8615,0.327500,5.092500,32.750,166.250,0,OK
8635,0.327500,5.093750,32.750,166.250,0,OK
8655,0.325000,5.092500,32.750,166.250,0,OK
8675,0.327500,5.093750,32.500,166.250,0,OK
8695,0.327500,5.093750,32.750,166.250,0,OK
8715,0.327500,5.091250,32.750,166.250,0,OK
8735,0.327500,5.093750,32.750,166.250,0,OK
8755,0.327500,5.093750,32.750,166.250,0,OK
8775,0.327500,5.093750,32.750,166.250,0,OK
8795,0.327500,5.092500,32.750,166.250,0,OK
8815,0.325000,5.092500,32.750,166.250,0,OK
8835,0.325000,5.093750,32.750,166.250,0,OK
8855,0.322500,5.092500,32.500,163.750,0,OK
8875,0.327500,5.092500,32.750,166.250,0,OK
8895,0.327500,5.092500,32.750,166.250,0,OK
8915,0.330000,5.093750,33.000,167.500,0,OK
8935,0.325000,5.092500,32.500,166.250,0,OK
8955,0.325000,5.093750,32.500,166.250,0,OK
8975,0.327500,5.093750,32.750,166.250,0,OK
8995,0.327500,5.092500,32.750,166.250,0,OK
9015,0.327500,5.092500,32.500,166.250,0,OK
9035,0.327500,5.093750,32.750,166.250,0,OK
9055,0.325000,5.088750,32.500,166.250,0,OK
9075,0.327500,5.092500,32.750,166.250,0,OK
9095,0.325000,5.093750,32.500,166.250,0,OK
9115,0.325000,5.093750,32.500,166.250,0,OK
9135,0.327500,5.093750,32.750,166.250,0,OK
9155,0.327500,5.092500,32.750,166.250,0,OK
9175,0.327500,5.093750,32.500,166.250,0,OK
9195,0.322500,5.093750,32.500,163.750,0,OK
9215,0.327500,5.092500,32.750,166.250,0,OK
9235,0.327500,5.090000,32.750,166.250,0,OK
9255,0.325000,5.092500,32.500,166.250,0,OK
9275,0.322500,5.093750,32.250,163.750,0,OK
9295,0.327500,5.092500,32.750,166.250,0,OK
9315,0.327500,5.093750,32.750,166.250,0,OK
9335,0.325000,5.093750,32.750,166.250,0,OK
9355,0.327500,5.093750,32.500,166.250,0,OK
9375,0.325000,5.093750,32.500,166.250,0,OK
9395,0.325000,5.088750,32.500,166.250,0,OK
9415,0.327500,5.093750,32.750,166.250,0,OK
9435,0.325000,5.092500,32.500,166.250,0,OK
9455,0.330000,5.092500,33.000,167.500,0,OK
9475,0.330000,5.092500,33.000,167.500,0,OK
9495,0.327500,5.093750,32.750,166.250,0,OK
9515,0.330000,5.092500,32.750,166.250,0,OK
9535,0.325000,5.093750,32.750,166.250,0,OK
9555,0.327500,5.092500,32.750,166.250,0,OK
9575,0.322500,5.091250,32.250,163.750,0,OK
9595,0.325000,5.093750,32.500,166.250,0,OK
9615,0.327500,5.093750,32.750,166.250,0,OK
9635,0.325000,5.092500,32.500,166.250,0,OK
9655,0.322500,5.092500,32.250,163.750,0,OK
9675,0.327500,5.093750,32.750,166.250,0,OK
9695,0.325000,5.093750,32.500,166.250,0,OK
9715,0.327500,5.092500,32.500,166.250,0,OK
9735,0.325000,5.093750,32.500,166.250,0,OK
9755,0.327500,5.092500,32.750,166.250,0,OK
9775,0.327500,5.093750,32.750,166.250,0,OK
9795,0.325000,5.092500,32.500,166.250,0,OK
9815,0.325000,5.092500,32.500,166.250,0,OK
9835,0.327500,5.092500,32.750,166.250,0,OK
9855,0.325000,5.092500,32.500,166.250,0,OK
9875,0.325000,5.093750,32.500,166.250,0,OK
9895,0.322500,5.092500,32.750,163.750,0,OK
9915,0.327500,5.088750,32.750,166.250,0,OK
9935,0.327500,5.091250,32.750,166.250,0,OK
9955,0.327500,5.092500,32.750,166.250,0,OK
9975,0.330000,5.092500,33.000,167.500,0,OK
9995,0.327500,5.092500,32.750,166.250,0,OK
# phase=active
10015,0.432500,5.076250,43.250,218.750,1,OK
10035,0.430000,5.078750,43.250,218.750,1,OK
10055,0.432500,5.077500,43.250,218.750,1,OK
10075,0.325000,5.093750,32.500,166.250,1,OK
10095,0.327500,5.091250,32.750,166.250,1,OK
10115,0.430000,5.077500,43.000,218.750,1,OK
10135,0.432500,5.077500,43.250,218.750,1,OK
10155,0.432500,5.077500,43.250,218.750,1,OK
10175,0.327500,5.093750,32.750,166.250,1,OK
10195,0.322500,5.092500,32.750,166.250,1,OK
10215,0.432500,5.077500,43.000,218.750,1,OK
10235,0.432500,5.077500,43.250,218.750,1,OK
10255,0.432500,5.073750,43.250,218.750,1,OK
10275,0.325000,5.092500,32.500,166.250,1,OK
10295,0.330000,5.092500,33.000,167.500,1,OK
10315,0.432500,5.078750,43.250,218.750,1,OK
10335,0.430000,5.077500,43.000,218.750,1,OK
10355,0.440000,5.077500,43.000,218.750,1,OK
10375,0.325000,5.091250,32.750,166.250,1,OK
10395,0.327500,5.092500,32.500,166.250,1,OK
10415,0.435000,5.077500,43.500,221.250,1,OK
10435,0.432500,5.076250,43.250,218.750,1,OK
10455,0.432500,5.077500,43.250,218.750,1,OK
10475,0.327500,5.092500,32.750,166.250,1,OK
10495,0.330000,5.092500,33.000,167.500,1,OK
10515,0.432500,5.077500,43.250,218.750,1,OK
10535,0.430000,5.077500,43.000,218.750,1,OK
10555,0.432500,5.077500,42.750,217.500,1,OK
10575,0.327500,5.093750,32.750,166.250,1,OK
10595,0.327500,5.093750,32.750,166.250,1,OK
10615,0.430000,5.076250,43.000,218.750,1,OK
10635,0.432500,5.077500,43.250,218.750,1,OK
10655,0.432500,5.078750,43.250,218.750,1,OK
10675,0.327500,5.092500,32.750,166.250,1,OK
10695,0.327500,5.091250,32.750,166.250,1,OK
10715,0.432500,5.077500,43.250,218.750,1,OK
10735,0.432500,5.077500,43.000,218.750,1,OK
10755,0.432500,5.077500,43.250,218.750,1,OK
10775,0.325000,5.087500,32.500,166.250,1,OK
10795,0.325000,5.092500,32.500,166.250,1,OK
10815,0.432500,5.078750,43.250,218.750,1,OK
10835,0.430000,5.077500,43.000,218.750,1,OK
10855,0.430000,5.077500,43.000,218.750,1,OK
10875,0.332500,5.092500,32.750,166.250,1,OK
10895,0.330000,5.092500,32.750,166.250,1,OK
10915,0.430000,5.077500,43.000,217.500,1,OK
10935,0.432500,5.077500,43.250,218.750,1,OK
10955,0.432500,5.076250,43.250,218.750,1,OK
10975,0.327500,5.092500,32.750,166.250,1,OK
10995,0.325000,5.091250,32.500,166.250,1,OK
11015,0.435000,5.078750,43.500,221.250,1,OK
11035,0.430000,5.078750,43.000,218.750,1,OK
11055,0.430000,5.077500,43.250,218.750,1,OK
11075,0.327500,5.092500,32.750,166.250,1,OK
11095,0.327500,5.093750,32.750,166.250,1,OK
11115,0.430000,5.073750,43.000,218.750,1,OK
11135,0.432500,5.077500,43.250,218.750,1,OK
11155,0.432500,5.076250,43.250,218.750,1,OK
11175,0.327500,5.092500,32.750,166.250,1,OK
11195,0.327500,5.093750,32.750,166.250,1,OK
11215,0.442500,5.077500,43.000,218.750,1,OK
11235,0.435000,5.078750,43.250,218.750,1,OK
11255,0.432500,5.078750,43.250,218.750,1,OK
11275,0.327500,5.092500,32.750,166.250,1,OK
11295,0.330000,5.091250,33.000,167.500,1,OK
11315,0.432500,5.076250,43.250,218.750,1,OK
11335,0.430000,5.077500,43.000,218.750,1,OK
11355,0.430000,5.077500,43.000,218.750,1,OK
11375,0.325000,5.092500,32.500,166.250,1,OK
11395,0.327500,5.091250,32.500,166.250,1,OK
11415,0.430000,5.077500,43.250,218.750,1,OK
11435,0.432500,5.077500,43.750,218.750,1,OK
11455,0.432500,5.077500,43.250,218.750,1,OK
11475,0.327500,5.090000,32.750,166.250,1,OK
11495,0.327500,5.093750,32.750,166.250,1,OK
11515,0.432500,5.078750,43.250,218.750,1,OK
11535,0.432500,5.077500,43.250,218.750,1,OK
11555,0.432500,5.077500,43.250,218.750,1,OK
11575,0.325000,5.092500,32.000,163.750,1,OK
11595,0.327500,5.093750,32.750,166.250,1,OK
11615,0.432500,5.076250,43.250,218.750,1,OK
11635,0.432500,5.073750,43.250,218.750,1,OK
11655,0.432500,5.077500,43.250,218.750,1,OK
11675,0.330000,5.093750,33.000,167.500,1,OK
11695,0.325000,5.093750,32.500,166.250,1,OK
11715,0.430000,5.077500,43.000,218.750,1,OK
11735,0.435000,5.077500,43.250,218.750,1,OK
11755,0.432500,5.076250,43.000,218.750,1,OK
11775,0.327500,5.093750,32.750,166.250,1,OK
11795,0.327500,5.093750,32.750,166.250,1,OK
11815,0.432500,5.077500,43.250,218.750,1,OK
11835,0.432500,5.077500,43.250,218.750,1,OK
11855,0.432500,5.078750,43.250,218.750,1,OK
11875,0.327500,5.092500,32.750,166.250,1,OK
11895,0.327500,5.091250,32.750,166.250,1,OK
11915,0.432500,5.077500,43.250,218.750,1,OK
11935,0.430000,5.078750,43.000,218.750,1,OK
11955,0.432500,5.077500,43.000,218.750,1,OK
11975,0.327500,5.088750,32.750,166.250,1,OK
11995,0.327500,5.093750,32.750,166.250,1,OK
12015,0.432500,5.077500,43.250,218.750,1,OK
12035,0.432500,5.077500,43.250,218.750,1,OK
12055,0.432500,5.077500,43.250,218.750,1,OK
12075,0.330000,5.092500,33.000,167.500,1,OK
12095,0.327500,5.093750,32.750,166.250,1,OK
12115,0.432500,5.077500,43.250,218.750,1,OK
12135,0.432500,5.077500,43.250,218.750,1,OK
12155,0.430000,5.075000,43.000,218.750,1,OK
12175,0.325000,5.092500,32.500,166.250,1,OK
12195,0.325000,5.092500,32.500,166.250,1,OK
12215,0.430000,5.077500,43.000,218.750,1,OK
12235,0.430000,5.077500,43.000,218.750,1,OK
12255,0.432500,5.077500,43.000,218.750,1,OK
12275,0.325000,5.093750,32.750,166.250,1,OK
12295,0.330000,5.092500,32.750,167.500,1,OK
12315,0.430000,5.078750,43.000,217.500,1,OK
12335,0.430000,5.076250,43.000,218.750,1,OK
12355,0.432500,5.077500,43.250,218.750,1,OK
12375,0.327500,5.093750,32.750,166.250,1,OK
12395,0.327500,5.092500,32.750,166.250,1,OK
12415,0.432500,5.077500,43.250,218.750,1,OK
12435,0.430000,5.078750,43.000,218.750,1,OK
12455,0.430000,5.076250,43.000,218.750,1,OK
12475,0.327500,5.092500,32.500,166.250,1,OK
12495,0.327500,5.088750,32.750,166.250,1,OK
12515,0.432500,5.077500,43.250,218.750,1,OK
12535,0.432500,5.078750,43.250,218.750,1,OK
12555,0.432500,5.078750,43.250,218.750,1,OK
12575,0.325000,5.093750,32.500,166.250,1,OK
12595,0.332500,5.092500,32.250,163.750,1,OK
12615,0.432500,5.077500,43.000,218.750,1,OK
12635,0.430000,5.078750,43.250,217.500,1,OK
12655,0.430000,5.077500,43.000,217.500,1,OK
12675,0.325000,5.090000,32.500,166.250,1,OK
12695,0.327500,5.092500,32.750,166.250,1,OK
12715,0.435000,5.077500,43.500,221.250,1,OK
12735,0.432500,5.076250,43.250,218.750,1,OK
12755,0.430000,5.077500,43.000,218.750,1,OK
12775,0.327500,5.092500,32.500,166.250,1,OK
12795,0.327500,5.093750,32.750,166.250,1,OK
12815,0.432500,5.078750,43.250,218.750,1,OK
12835,0.432500,5.073750,43.250,218.750,1,OK
12855,0.430000,5.077500,43.000,218.750,1,OK
12875,0.325000,5.093750,32.500,166.250,1,OK
12895,0.330000,5.092500,33.000,167.500,1,OK
12915,0.430000,5.077500,43.000,218.750,1,OK
12935,0.442500,5.076250,43.250,218.750,1,OK
12955,0.430000,5.076250,43.250,218.750,1,OK
12975,0.325000,5.092500,32.750,166.250,1,OK
12995,0.327500,5.092500,32.750,166.250,1,OK
13015,0.432500,5.075000,43.250,218.750,1,OK
13035,0.430000,5.077500,43.000,218.750,1,OK
13055,0.432500,5.077500,43.250,218.750,1,OK
13075,0.327500,5.093750,32.750,166.250,1,OK
13095,0.327500,5.092500,32.750,166.250,1,OK
13115,0.432500,5.078750,43.000,218.750,1,OK
13135,0.432500,5.076250,43.250,218.750,1,OK
13155,0.430000,5.077500,42.750,217.500,1,OK
13175,0.327500,5.092500,32.750,166.250,1,OK
13195,0.327500,5.092500,32.750,166.250,1,OK
13215,0.432500,5.076250,43.250,218.750,1,OK
13235,0.435000,5.077500,43.500,221.250,1,OK
13255,0.432500,5.078750,43.250,218.750,1,OK
13275,0.327500,5.093750,32.750,166.250,1,OK
13295,0.325000,5.093750,32.500,166.250,1,OK
13315,0.430000,5.077500,43.000,218.750,1,OK
13335,0.435000,5.077500,43.250,221.250,1,OK
13355,0.435000,5.075000,43.500,221.250,1,OK
13375,0.327500,5.091250,32.750,166.250,1,OK
13395,0.330000,5.092500,33.000,167.500,1,OK
13415,0.432500,5.077500,43.250,218.750,1,OK
13435,0.432500,5.077500,43.250,218.750,1,OK
13455,0.435000,5.077500,42.750,217.500,1,OK
13475,0.327500,5.092500,32.750,166.250,1,OK
13495,0.327500,5.092500,32.500,166.250,1,OK
13515,0.430000,5.077500,43.000,217.500,1,OK
13535,0.432500,5.075000,43.250,218.750,1,OK
13555,0.432500,5.078750,43.250,218.750,1,OK
13575,0.325000,5.093750,32.500,166.250,1,OK
13595,0.325000,5.093750,32.500,166.250,1,OK
13615,0.432500,5.077500,43.250,218.750,1,OK
13635,0.432500,5.078750,43.250,218.750,1,OK
13655,0.427500,5.078750,43.000,218.750,1,OK
13675,0.327500,5.095000,32.750,166.250,1,OK
13695,0.327500,5.087500,32.750,166.250,1,OK
13715,0.430000,5.078750,43.000,218.750,1,OK
13735,0.432500,5.078750,43.250,218.750,1,OK
13755,0.430000,5.078750,43.000,218.750,1,OK
13775,0.327500,5.093750,32.750,166.250,1,OK
13795,0.330000,5.093750,33.000,167.500,1,OK
13815,0.432500,5.078750,43.250,218.750,1,OK
13835,0.432500,5.077500,43.000,218.750,1,OK
13855,0.432500,5.078750,43.250,218.750,1,OK
13875,0.327500,5.091250,32.750,166.250,1,OK
13895,0.327500,5.093750,32.750,166.250,1,OK
13915,0.430000,5.077500,43.000,218.750,1,OK
13935,0.432500,5.077500,43.250,218.750,1,OK
13955,0.432500,5.077500,43.250,218.750,1,OK
13975,0.325000,5.093750,32.750,166.250,1,OK
13995,0.330000,5.093750,33.000,167.500,1,OK
14015,0.432500,5.078750,43.000,218.750,1,OK
14035,0.432500,5.078750,43.250,218.750,1,OK
14055,0.432500,5.077500,43.250,218.750,1,OK
14075,0.327500,5.092500,32.750,166.250,1,OK
14095,0.325000,5.093750,32.500,166.250,1,OK
14115,0.435000,5.078750,43.500,221.250,1,OK
14135,0.430000,5.078750,43.000,218.750,1,OK
14155,0.432500,5.078750,43.000,218.750,1,OK
14175,0.327500,5.093750,32.750,166.250,1,OK
14195,0.327500,5.093750,32.500,166.250,1,OK
14215,0.430000,5.072500,43.000,218.750,1,OK
14235,0.430000,5.078750,43.000,218.750,1,OK
14255,0.432500,5.077500,43.250,218.750,1,OK
14275,0.330000,5.093750,33.000,167.500,1,OK
14295,0.327500,5.093750,32.750,166.250,1,OK
14315,0.435000,5.078750,43.000,218.750,1,OK
14335,0.432500,5.078750,42.500,215.000,1,OK
14355,0.430000,5.077500,43.250,217.500,1,OK
14375,0.327500,5.092500,32.750,166.250,1,OK
14395,0.327500,5.091250,32.750,166.250,1,OK
14415,0.430000,5.078750,43.000,218.750,1,OK
14435,0.430000,5.078750,43.000,218.750,1,OK
14455,0.432500,5.078750,43.250,218.750,1,OK
14475,0.325000,5.093750,32.500,166.250,1,OK
14495,0.325000,5.093750,32.750,166.250,1,OK
14515,0.432500,5.078750,43.000,218.750,1,OK
14535,0.432500,5.078750,43.500,218.750,1,OK
14555,0.432500,5.073750,43.250,218.750,1,OK
14575,0.325000,5.092500,32.500,166.250,1,OK
14595,0.327500,5.093750,32.750,166.250,1,OK
14615,0.432500,5.078750,43.250,218.750,1,OK
14635,0.430000,5.078750,43.000,218.750,1,OK
14655,0.440000,5.078750,43.250,218.750,1,OK
14675,0.327500,5.093750,32.750,166.250,1,OK
14695,0.325000,5.092500,32.500,166.250,1,OK
14715,0.432500,5.080000,43.250,218.750,1,OK
14735,0.427500,5.076250,42.750,217.500,1,OK
14755,0.432500,5.078750,43.250,218.750,1,OK
14775,0.327500,5.093750,32.750,166.250,1,OK
14795,0.327500,5.093750,32.750,166.250,1,OK
14815,0.430000,5.078750,43.000,218.750,1,OK
14835,0.430000,5.078750,43.000,218.750,1,OK
14855,0.432500,5.078750,43.000,218.750,1,OK
14875,0.327500,5.093750,32.750,166.250,1,OK
14895,0.327500,5.093750,32.750,166.250,1,OK
14915,0.427500,5.077500,42.750,217.500,1,OK
14935,0.432500,5.078750,43.250,218.750,1,OK
14955,0.432500,5.078750,43.250,218.750,1,OK
14975,0.327500,5.093750,32.750,166.250,1,OK
14995,0.325000,5.093750,32.500,166.250,1,OK
15015,0.430000,5.078750,43.000,218.750,1,OK
15035,0.430000,5.078750,43.250,218.750,1,OK
15055,0.432500,5.077500,43.000,218.750,1,OK
15075,0.327500,5.088750,32.750,166.250,1,OK
15095,0.325000,5.093750,32.500,166.250,1,OK
15115,0.430000,5.078750,43.000,218.750,1,OK
15135,0.432500,5.077500,43.250,218.750,1,OK
15155,0.432500,5.077500,43.250,218.750,1,OK
15175,0.327500,5.093750,32.750,166.250,1,OK
15195,0.327500,5.092500,32.750,166.250,1,OK
15215,0.432500,5.078750,43.500,218.750,1,OK
15235,0.432500,5.077500,43.250,218.750,1,OK
15255,0.432500,5.076250,43.250,218.750,1,OK
15275,0.325000,5.092500,32.500,166.250,1,OK
15295,0.327500,5.092500,32.750,166.250,1,OK
15315,0.430000,5.078750,43.000,218.750,1,OK
15335,0.430000,5.078750,43.000,218.750,1,OK
15355,0.435000,5.077500,42.750,217.500,1,OK
15375,0.327500,5.092500,32.750,166.250,1,OK
15395,0.327500,5.093750,32.500,166.250,1,OK
15415,0.430000,5.073750,43.000,218.750,1,OK
15435,0.427500,5.077500,42.750,217.500,1,OK
15455,0.432500,5.077500,43.250,218.750,1,OK
15475,0.325000,5.093750,32.500,166.250,1,OK
15495,0.327500,5.093750,32.750,166.250,1,OK
15515,0.427500,5.078750,42.750,217.500,1,OK
15535,0.430000,5.078750,43.000,218.750,1,OK
15555,0.432500,5.077500,43.500,218.750,1,OK
15575,0.330000,5.093750,32.500,167.500,1,OK
15595,0.325000,5.091250,32.500,166.250,1,OK
15615,0.430000,5.078750,43.000,218.750,1,OK
15635,0.435000,5.078750,43.500,221.250,1,OK
15655,0.432500,5.078750,43.250,218.750,1,OK
15675,0.325000,5.092500,32.500,166.250,1,OK
15695,0.325000,5.092500,32.750,166.250,1,OK
15715,0.430000,5.078750,43.250,218.750,1,OK
15735,0.430000,5.077500,43.250,217.500,1,OK
15755,0.432500,5.078750,43.250,218.750,1,OK
15775,0.327500,5.092500,32.750,166.250,1,OK
15795,0.327500,5.093750,32.750,166.250,1,OK
15815,0.432500,5.078750,43.250,218.750,1,OK
15835,0.432500,5.078750,43.250,218.750,1,OK
15855,0.432500,5.078750,43.250,218.750,1,OK
15875,0.325000,5.093750,32.500,166.250,1,OK
15895,0.325000,5.093750,32.750,166.250,1,OK
15915,0.432500,5.077500,43.000,218.750,1,OK
15935,0.430000,5.075000,43.000,218.750,1,OK
15955,0.432500,5.078750,43.250,218.750,1,OK
15975,0.322500,5.092500,32.250,163.750,1,OK
15995,0.327500,5.093750,32.750,166.250,1,OK
16015,0.430000,5.077500,43.000,218.750,1,OK
16035,0.440000,5.077500,43.000,218.750,1,OK
16055,0.430000,5.078750,43.250,218.750,1,OK
16075,0.327500,5.095000,32.750,166.250,1,OK
16095,0.325000,5.093750,32.500,166.250,1,OK
16115,0.435000,5.076250,43.500,221.250,1,OK
16135,0.432500,5.078750,43.250,218.750,1,OK
16155,0.432500,5.078750,43.250,218.750,1,OK
16175,0.330000,5.092500,33.000,167.500,1,OK
16195,0.327500,5.093750,32.750,166.250,1,OK
16215,0.430000,5.078750,43.250,218.750,1,OK
16235,0.432500,5.078750,43.250,218.750,1,OK
16255,0.430000,5.077500,43.250,217.500,1,OK
16275,0.327500,5.088750,32.750,166.250,1,OK
16295,0.325000,5.092500,32.500,166.250,1,OK
16315,0.432500,5.078750,43.250,218.750,1,OK
16335,0.430000,5.077500,43.000,218.750,1,OK
16355,0.432500,5.078750,43.250,218.750,1,OK
16375,0.327500,5.093750,32.750,166.250,1,OK
16395,0.327500,5.093750,32.500,166.250,1,OK
16415,0.432500,5.077500,43.000,218.750,1,OK
16435,0.430000,5.078750,43.000,217.500,1,OK
16455,0.430000,5.076250,43.000,218.750,1,OK
16475,0.325000,5.092500,32.500,166.250,1,OK
16495,0.327500,5.093750,32.750,166.250,1,OK
16515,0.432500,5.078750,43.250,218.750,1,OK
16535,0.430000,5.077500,43.000,218.750,1,OK
16555,0.430000,5.077500,43.000,218.750,1,OK
16575,0.327500,5.093750,32.500,166.250,1,OK
16595,0.327500,5.093750,32.500,166.250,1,OK
16615,0.432500,5.078750,43.250,218.750,1,OK
16635,0.430000,5.076250,43.000,218.750,1,OK
16655,0.432500,5.078750,43.250,218.750,1,OK
16675,0.327500,5.093750,32.750,166.250,1,OK
16695,0.327500,5.092500,32.750,166.250,1,OK
16715,0.435000,5.078750,43.500,221.250,1,OK
16735,0.435000,5.078750,43.000,218.750,1,OK
16755,0.432500,5.077500,43.000,218.750,1,OK
16775,0.327500,5.092500,32.750,166.250,1,OK
16795,0.325000,5.088750,32.500,166.250,1,OK
16815,0.430000,5.078750,43.000,218.750,1,OK
16835,0.430000,5.077500,43.000,218.750,1,OK
16855,0.432500,5.078750,43.250,218.750,1,OK
16875,0.325000,5.093750,32.500,166.250,1,OK
16895,0.332500,5.093750,32.750,166.250,1,OK
16915,0.430000,5.078750,43.000,218.750,1,OK
16935,0.432500,5.080000,43.250,218.750,1,OK
16955,0.432500,5.078750,43.250,218.750,1,OK
16975,0.325000,5.090000,32.500,166.250,1,OK
16995,0.327500,5.093750,32.750,166.250,1,OK
17015,0.432500,5.077500,43.250,218.750,1,OK
17035,0.427500,5.077500,42.750,217.500,1,OK
17055,0.427500,5.077500,42.750,217.500,1,OK
17075,0.327500,5.092500,32.750,166.250,1,OK
17095,0.325000,5.092500,32.750,166.250,1,OK
17115,0.432500,5.080000,43.250,218.750,1,OK
17135,0.432500,5.073750,43.250,218.750,1,OK
17155,0.430000,5.077500,43.000,218.750,1,OK
17175,0.327500,5.093750,32.750,166.250,1,OK
17195,0.325000,5.093750,32.500,166.250,1,OK
17215,0.432500,5.078750,43.250,218.750,1,OK
17235,0.430000,5.078750,43.000,218.750,1,OK
17255,0.430000,5.078750,43.250,218.750,1,OK
17275,0.327500,5.093750,32.500,166.250,1,OK
17295,0.327500,5.093750,32.750,166.250,1,OK
17315,0.430000,5.075000,43.000,218.750,1,OK
17335,0.430000,5.077500,43.000,218.750,1,OK
17355,0.430000,5.077500,43.000,218.750,1,OK
17375,0.332500,5.093750,33.250,170.000,1,OK
17395,0.325000,5.093750,32.500,166.250,1,OK
17415,0.430000,5.077500,43.000,218.750,1,OK
17435,0.430000,5.078750,43.000,218.750,1,OK
17455,0.427500,5.077500,43.000,217.500,1,OK
17475,0.327500,5.093750,32.750,166.250,1,OK
17495,0.325000,5.091250,32.500,166.250,1,OK
17515,0.432500,5.078750,43.250,218.750,1,OK
17535,0.432500,5.078750,43.250,218.750,1,OK
17555,0.430000,5.077500,43.000,218.750,1,OK
17575,0.327500,5.095000,32.750,166.250,1,OK
17595,0.327500,5.093750,33.000,167.500,1,OK
17615,0.432500,5.078750,43.000,218.750,1,OK
17635,0.432500,5.078750,42.750,218.750,1,OK
17655,0.427500,5.075000,42.750,217.500,1,OK
17675,0.322500,5.093750,32.250,163.750,1,OK
17695,0.327500,5.093750,32.750,166.250,1,OK
17715,0.432500,5.077500,43.250,218.750,1,OK
17735,0.432500,5.077500,43.250,218.750,1,OK
17755,0.437500,5.077500,43.250,218.750,1,OK
17775,0.327500,5.093750,32.750,166.250,1,OK
17795,0.325000,5.093750,32.250,166.250,1,OK
17815,0.430000,5.078750,43.000,218.750,1,OK
17835,0.432500,5.076250,43.250,218.750,1,OK
17855,0.430000,5.078750,43.000,218.750,1,OK
17875,0.325000,5.093750,32.500,166.250,1,OK
17895,0.325000,5.095000,32.500,166.250,1,OK
17915,0.432500,5.077500,43.250,218.750,1,OK
17935,0.430000,5.078750,43.250,218.750,1,OK
17955,0.432500,5.077500,43.250,218.750,1,OK
17975,0.325000,5.092500,32.500,166.250,1,OK
17995,0.327500,5.088750,32.750,166.250,1,OK
18015,0.432500,5.078750,43.250,218.750,1,OK
18035,0.430000,5.078750,43.000,218.750,1,OK
18055,0.432500,5.078750,43.250,218.750,1,OK
18075,0.325000,5.093750,32.500,166.250,1,OK
18095,0.327500,5.093750,32.750,166.250,1,OK
18115,0.432500,5.078750,43.000,218.750,1,OK
18135,0.430000,5.080000,43.000,217.500,1,OK
18155,0.432500,5.078750,43.250,218.750,1,OK
18175,0.327500,5.090000,32.750,166.250,1,OK
18195,0.325000,5.093750,32.500,166.250,1,OK
18215,0.432500,5.078750,43.250,218.750,1,OK
18235,0.427500,5.077500,42.750,217.500,1,OK
18255,0.430000,5.078750,43.000,218.750,1,OK
18275,0.327500,5.093750,32.750,166.250,1,OK
18295,0.325000,5.092500,32.500,166.250,1,OK
18315,0.430000,5.078750,43.000,217.500,1,OK
18335,0.430000,5.078750,43.000,218.750,1,OK
18355,0.432500,5.078750,43.250,218.750,1,OK
18375,0.327500,5.093750,32.750,166.250,1,OK
18395,0.325000,5.093750,32.500,166.250,1,OK
18415,0.427500,5.078750,42.750,217.500,1,OK
18435,0.432500,5.078750,43.250,218.750,1,OK
18455,0.430000,5.077500,43.250,218.750,1,OK
18475,0.327500,5.093750,32.750,166.250,1,OK
18495,0.325000,5.093750,32.750,166.250,1,OK
18515,0.432500,5.075000,43.250,218.750,1,OK
18535,0.430000,5.078750,43.000,218.750,1,OK
18555,0.435000,5.077500,43.500,221.250,1,OK
18575,0.327500,5.093750,32.750,166.250,1,OK
18595,0.325000,5.093750,32.500,166.250,1,OK
18615,0.437500,5.077500,43.250,218.750,1,OK
18635,0.435000,5.078750,42.750,217.500,1,OK
18655,0.432500,5.078750,43.000,218.750,1,OK
18675,0.327500,5.092500,32.750,166.250,1,OK
18695,0.325000,5.091250,32.500,166.250,1,OK
18715,0.432500,5.078750,43.250,218.750,1,OK
18735,0.432500,5.077500,43.250,218.750,1,OK
18755,0.430000,5.078750,43.000,218.750,1,OK
18775,0.325000,5.093750,32.500,166.250,1,OK
18795,0.327500,5.092500,32.500,166.250,1,OK
18815,0.435000,5.078750,43.250,218.750,1,OK
18835,0.432500,5.080000,43.250,218.750,1,OK
18855,0.430000,5.073750,43.000,218.750,1,OK
18875,0.327500,5.093750,32.750,166.250,1,OK
18895,0.327500,5.092500,32.750,166.250,1,OK
18915,0.430000,5.077500,43.000,218.750,1,OK
18935,0.435000,5.077500,43.500,221.250,1,OK
18955,0.432500,5.077500,43.250,218.750,1,OK
18975,0.327500,5.092500,32.250,163.750,1,OK
18995,0.327500,5.093750,32.500,166.250,1,OK
19015,0.430000,5.078750,43.000,217.500,1,OK
19035,0.427500,5.075000,42.750,217.500,1,OK
19055,0.430000,5.077500,43.000,218.750,1,OK
19075,0.330000,5.093750,33.000,167.500,1,OK
19095,0.325000,5.093750,32.500,166.250,1,OK
19115,0.432500,5.077500,43.250,218.750,1,OK
19135,0.430000,5.078750,43.250,218.750,1,OK
19155,0.435000,5.077500,43.000,218.750,1,OK
19175,0.325000,5.092500,32.750,166.250,1,OK
19195,0.327500,5.093750,32.750,166.250,1,OK
19215,0.432500,5.077500,43.250,218.750,1,OK
19235,0.430000,5.078750,43.000,218.750,1,OK
19255,0.430000,5.077500,43.000,218.750,1,OK
19275,0.327500,5.092500,32.750,166.250,1,OK
19295,0.325000,5.092500,32.500,166.250,1,OK
19315,0.427500,5.077500,43.250,218.750,1,OK
19335,0.430000,5.076250,42.750,217.500,1,OK
19355,0.432500,5.077500,42.750,218.750,1,OK
19375,0.325000,5.088750,32.500,166.250,1,OK
19395,0.327500,5.093750,32.750,166.250,1,OK
19415,0.432500,5.078750,43.250,218.750,1,OK
19435,0.430000,5.077500,43.000,218.750,1,OK
19455,0.432500,5.078750,43.250,218.750,1,OK
19475,0.330000,5.092500,32.500,166.250,1,OK
19495,0.327500,5.092500,32.500,166.250,1,OK
19515,0.432500,5.077500,43.250,218.750,1,OK
19535,0.432500,5.078750,43.250,218.750,1,OK
19555,0.432500,5.076250,43.250,218.750,1,OK
19575,0.327500,5.093750,32.750,166.250,1,OK
19595,0.330000,5.092500,33.000,167.500,1,OK
19615,0.432500,5.077500,43.250,218.750,1,OK
19635,0.430000,5.080000,43.000,218.750,1,OK
19655,0.432500,5.077500,43.000,218.750,1,OK
19675,0.325000,5.095000,32.250,163.750,1,OK
19695,0.327500,5.093750,33.250,166.250,1,OK
19715,0.432500,5.075000,43.250,218.750,1,OK
19735,0.435000,5.077500,43.500,221.250,1,OK
19755,0.430000,5.077500,43.000,218.750,1,OK
19775,0.322500,5.093750,32.250,163.750,1,OK
19795,0.327500,5.092500,32.750,166.250,1,OK
19815,0.432500,5.078750,43.250,218.750,1,OK
19835,0.432500,5.077500,43.000,218.750,1,OK
19855,0.430000,5.076250,43.000,217.500,1,OK
19875,0.325000,5.092500,32.500,166.250,1,OK
19895,0.327500,5.090000,32.750,166.250,1,OK
19915,0.432500,5.077500,43.250,218.750,1,OK
19935,0.430000,5.078750,43.000,218.750,1,OK
19955,0.430000,5.077500,43.000,218.750,1,OK
19975,0.325000,5.092500,32.500,166.250,1,OK
19995,0.325000,5.093750,32.750,166.250,1,OK
20015,0.432500,5.077500,43.000,218.750,1,OK
20035,0.430000,5.078750,43.000,217.500,1,OK
20055,0.430000,5.077500,43.000,218.750,1,OK
20075,0.330000,5.092500,33.000,167.500,1,OK
20095,0.322500,5.092500,32.250,163.750,1,OK
20115,0.435000,5.077500,43.500,221.250,1,OK
20135,0.432500,5.078750,43.250,218.750,1,OK
20155,0.432500,5.077500,43.250,218.750,1,OK
20175,0.325000,5.092500,32.750,166.250,1,OK
20195,0.327500,5.093750,33.000,167.500,1,OK
20215,0.427500,5.078750,43.000,217.500,1,OK
20235,0.430000,5.073750,43.000,218.750,1,OK
20255,0.430000,5.078750,43.000,218.750,1,OK
20275,0.325000,5.093750,32.500,166.250,1,OK
20295,0.325000,5.092500,32.500,166.250,1,OK
20315,0.430000,5.078750,43.000,218.750,1,OK
20335,0.432500,5.077500,43.000,218.750,1,OK
20355,0.430000,5.077500,43.000,218.750,1,OK
20375,0.325000,5.092500,32.750,166.250,1,OK
20395,0.325000,5.092500,32.500,166.250,1,OK
20415,0.432500,5.077500,43.250,218.750,1,OK
20435,0.430000,5.078750,43.000,218.750,1,OK
20455,0.430000,5.077500,43.000,218.750,1,OK
20475,0.327500,5.093750,32.750,166.250,1,OK
20495,0.327500,5.095000,32.750,166.250,1,OK
20515,0.432500,5.077500,43.000,218.750,1,OK
20535,0.432500,5.077500,43.000,218.750,1,OK
20555,0.432500,5.077500,43.250,218.750,1,OK
20575,0.325000,5.088750,32.500,166.250,1,OK
20595,0.327500,5.092500,32.750,166.250,1,OK
20615,0.432500,5.077500,43.250,218.750,1,OK
20635,0.430000,5.078750,43.000,218.750,1,OK
20655,0.432500,5.077500,43.250,218.750,1,OK
20675,0.327500,5.092500,32.750,166.250,1,OK
20695,0.327500,5.095000,32.750,166.250,1,OK
20715,0.430000,5.078750,43.250,217.500,1,OK
20735,0.432500,5.078750,43.250,218.750,1,OK
20755,0.430000,5.075000,43.000,218.750,1,OK
20775,0.325000,5.093750,32.500,166.250,1,OK
20795,0.327500,5.093750,32.750,166.250,1,OK
20815,0.427500,5.078750,42.750,217.500,1,OK
20835,0.432500,5.078750,43.250,218.750,1,OK
20855,0.435000,5.078750,43.000,218.750,1,OK
20875,0.325000,5.093750,32.250,163.750,1,OK
20895,0.330000,5.093750,32.750,167.500,1,OK
20915,0.432500,5.078750,43.250,218.750,1,OK
20935,0.432500,5.076250,43.250,218.750,1,OK
20955,0.432500,5.077500,43.250,218.750,1,OK
20975,0.330000,5.091250,33.000,167.500,1,OK
20995,0.327500,5.092500,32.750,166.250,1,OK
21015,0.430000,5.078750,43.000,218.750,1,OK
21035,0.432500,5.078750,42.750,217.500,1,OK
21055,0.430000,5.077500,43.250,218.750,1,OK
21075,0.327500,5.093750,32.750,166.250,1,OK
21095,0.327500,5.090000,32.750,166.250,1,OK
21115,0.432500,5.080000,43.250,218.750,1,OK
21135,0.432500,5.078750,43.250,218.750,1,OK
21155,0.430000,5.078750,43.000,218.750,1,OK
21175,0.327500,5.093750,32.750,166.250,1,OK
21195,0.335000,5.093750,32.500,166.250,1,OK
21215,0.432500,5.077500,43.000,218.750,1,OK
21235,0.432500,5.077500,43.000,218.750,1,OK
21255,0.430000,5.077500,43.000,217.500,1,OK
21275,0.325000,5.091250,32.500,166.250,1,OK
21295,0.330000,5.092500,33.000,167.500,1,OK
21315,0.430000,5.077500,43.000,218.750,1,OK
21335,0.435000,5.078750,43.500,221.250,1,OK
21355,0.430000,5.078750,43.000,218.750,1,OK
21375,0.327500,5.093750,32.500,166.250,1,OK
21395,0.327500,5.093750,32.750,166.250,1,OK
21415,0.430000,5.078750,42.750,217.500,1,OK
21435,0.430000,5.073750,43.000,218.750,1,OK
21455,0.432500,5.077500,43.250,218.750,1,OK
21475,0.325000,5.093750,32.500,166.250,1,OK
21495,0.327500,5.093750,32.750,166.250,1,OK
21515,0.432500,5.078750,43.250,218.750,1,OK
21535,0.432500,5.078750,43.250,218.750,1,OK
21555,0.432500,5.078750,43.250,218.750,1,OK
21575,0.327500,5.092500,32.500,166.250,1,OK
21595,0.325000,5.092500,32.500,166.250,1,OK
21615,0.427500,5.076250,42.750,217.500,1,OK
21635,0.432500,5.078750,43.250,218.750,1,OK
21655,0.432500,5.076250,43.250,218.750,1,OK
21675,0.327500,5.091250,32.750,166.250,1,OK
21695,0.325000,5.095000,32.500,166.250,1,OK
21715,0.430000,5.077500,43.000,218.750,1,OK
21735,0.432500,5.078750,43.000,218.750,1,OK
21755,0.432500,5.077500,43.250,218.750,1,OK
21775,0.322500,5.093750,32.250,163.750,1,OK
21795,0.327500,5.092500,32.750,166.250,1,OK
21815,0.432500,5.078750,43.250,218.750,1,OK
21835,0.430000,5.078750,43.000,218.750,1,OK
21855,0.432500,5.077500,43.250,218.750,1,OK
21875,0.327500,5.092500,32.750,166.250,1,OK
21895,0.327500,5.092500,32.750,166.250,1,OK
21915,0.430000,5.078750,43.000,218.750,1,OK
21935,0.432500,5.078750,43.000,218.750,1,OK
21955,0.430000,5.073750,43.000,218.750,1,OK
21975,0.327500,5.092500,32.750,166.250,1,OK
21995,0.325000,5.093750,32.500,166.250,1,OK
22015,0.432500,5.077500,43.250,218.750,1,OK
22035,0.430000,5.077500,43.000,218.750,1,OK
22055,0.437500,5.077500,43.000,218.750,1,OK
22075,0.327500,5.093750,32.750,166.250,1,OK
22095,0.327500,5.093750,32.500,166.250,1,OK
22115,0.432500,5.078750,43.250,218.750,1,OK
22135,0.430000,5.077500,43.000,218.750,1,OK
22155,0.432500,5.078750,43.250,218.750,1,OK
22175,0.325000,5.091250,32.500,166.250,1,OK
22195,0.332500,5.093750,33.250,170.000,1,OK
22215,0.430000,5.078750,43.000,218.750,1,OK
22235,0.432500,5.077500,43.250,218.750,1,OK
22255,0.430000,5.077500,43.000,218.750,1,OK
22275,0.325000,5.093750,32.750,166.250,1,OK
22295,0.327500,5.087500,32.750,166.250,1,OK
22315,0.430000,5.077500,43.000,218.750,1,OK
22335,0.430000,5.078750,43.000,218.750,1,OK
22355,0.427500,5.077500,42.750,217.500,1,OK
22375,0.327500,5.092500,32.750,166.250,1,OK
22395,0.327500,5.093750,32.750,166.250,1,OK
22415,0.430000,5.080000,43.250,218.750,1,OK
22435,0.430000,5.077500,43.000,217.500,1,OK
22455,0.432500,5.077500,43.250,218.750,1,OK
22475,0.327500,5.090000,32.750,166.250,1,OK
22495,0.322500,5.092500,32.250,163.750,1,OK
22515,0.430000,5.078750,43.000,218.750,1,OK
22535,0.432500,5.078750,43.250,218.750,1,OK
22555,0.432500,5.076250,43.250,218.750,1,OK
22575,0.325000,5.092500,32.500,166.250,1,OK
22595,0.327500,5.093750,32.500,166.250,1,OK
22615,0.432500,5.078750,43.250,218.750,1,OK
22635,0.430000,5.077500,43.000,218.750,1,OK
22655,0.432500,5.076250,43.250,218.750,1,OK
22675,0.327500,5.092500,32.750,166.250,1,OK
22695,0.327500,5.093750,32.750,166.250,1,OK
22715,0.432500,5.077500,43.250,218.750,1,OK
22735,0.427500,5.078750,42.750,217.500,1,OK
22755,0.430000,5.078750,43.250,218.750,1,OK
22775,0.325000,5.093750,32.750,166.250,1,OK
22795,0.327500,5.093750,32.750,166.250,1,OK
22815,0.427500,5.075000,42.750,217.500,1,OK
22835,0.427500,5.078750,42.750,217.500,1,OK
22855,0.432500,5.077500,43.250,218.750,1,OK
22875,0.325000,5.091250,32.500,166.250,1,OK
22895,0.327500,5.092500,32.750,166.250,1,OK
22915,0.437500,5.077500,43.000,218.750,1,OK
22935,0.432500,5.077500,43.250,218.750,1,OK
22955,0.432500,5.076250,43.000,218.750,1,OK
22975,0.327500,5.093750,32.750,166.250,1,OK
22995,0.327500,5.091250,32.750,166.250,1,OK
23015,0.432500,5.078750,43.250,218.750,1,OK
23035,0.432500,5.077500,43.250,218.750,1,OK
23055,0.432500,5.078750,43.250,218.750,1,OK
23075,0.327500,5.095000,32.750,166.250,1,OK
23095,0.327500,5.093750,32.500,166.250,1,OK
23115,0.430000,5.080000,43.000,218.750,1,OK
23135,0.432500,5.078750,43.000,218.750,1,OK
23155,0.430000,5.072500,43.000,218.750,1,OK
23175,0.327500,5.092500,32.750,166.250,1,OK
23195,0.327500,5.093750,32.750,166.250,1,OK
23215,0.430000,5.077500,43.000,218.750,1,OK
23235,0.430000,5.077500,43.000,218.750,1,OK
23255,0.432500,5.077500,43.250,218.750,1,OK
23275,0.327500,5.093750,32.750,166.250,1,OK
23295,0.322500,5.093750,32.750,166.250,1,OK
23315,0.427500,5.076250,42.750,217.500,1,OK
23335,0.427500,5.075000,42.750,217.500,1,OK
23355,0.430000,5.077500,43.000,218.750,1,OK
23375,0.327500,5.092500,32.750,166.250,1,OK
23395,0.327500,5.092500,32.750,166.250,1,OK
23415,0.432500,5.077500,43.250,218.750,1,OK
23435,0.432500,5.077500,43.000,218.750,1,OK
23455,0.432500,5.078750,43.250,218.750,1,OK
23475,0.330000,5.092500,32.750,167.500,1,OK
23495,0.327500,5.092500,32.750,166.250,1,OK
23515,0.432500,5.076250,43.250,218.750,1,OK
23535,0.430000,5.077500,43.000,218.750,1,OK
23555,0.427500,5.077500,42.750,217.500,1,OK
23575,0.327500,5.093750,32.750,166.250,1,OK
23595,0.325000,5.093750,32.500,166.250,1,OK
23615,0.430000,5.078750,43.250,218.750,1,OK
23635,0.435000,5.078750,43.250,218.750,1,OK
23655,0.432500,5.077500,42.750,218.750,1,OK
23675,0.327500,5.087500,32.750,166.250,1,OK
23695,0.325000,5.092500,32.500,166.250,1,OK
23715,0.430000,5.077500,43.000,218.750,1,OK
23735,0.430000,5.078750,43.000,218.750,1,OK
23755,0.432500,5.078750,43.250,218.750,1,OK
23775,0.332500,5.093750,32.500,166.250,1,OK
23795,0.327500,5.093750,32.500,166.250,1,OK
23815,0.432500,5.077500,43.500,218.750,1,OK
23835,0.430000,5.078750,43.000,217.500,1,OK
23855,0.430000,5.077500,43.000,218.750,1,OK
23875,0.325000,5.092500,32.500,166.250,1,OK
23895,0.325000,5.095000,32.500,166.250,1,OK
23915,0.432500,5.077500,43.250,218.750,1,OK
23935,0.432500,5.078750,43.250,218.750,1,OK
23955,0.432500,5.077500,43.000,218.750,1,OK
23975,0.325000,5.092500,32.750,166.250,1,OK
23995,0.330000,5.092500,32.500,167.500,1,OK
24015,0.432500,5.072500,43.250,218.750,1,OK
24035,0.432500,5.078750,43.250,218.750,1,OK
24055,0.430000,5.077500,43.000,218.750,1,OK
24075,0.327500,5.092500,32.750,166.250,1,OK
24095,0.327500,5.092500,32.750,166.250,1,OK
24115,0.430000,5.078750,43.000,218.750,1,OK
24135,0.430000,5.078750,43.500,221.250,1,OK
24155,0.430000,5.078750,43.250,217.500,1,OK
24175,0.325000,5.092500,32.500,166.250,1,OK
24195,0.327500,5.091250,32.750,166.250,1,OK
24215,0.432500,5.077500,43.250,218.750,1,OK
24235,0.430000,5.077500,43.000,218.750,1,OK
24255,0.430000,5.077500,43.000,218.750,1,OK
24275,0.327500,5.093750,32.750,166.250,1,OK
24295,0.325000,5.095000,32.750,166.250,1,OK
24315,0.427500,5.077500,43.000,218.750,1,OK
24335,0.432500,5.077500,43.000,218.750,1,OK
24355,0.432500,5.077500,43.250,218.750,1,OK
24375,0.327500,5.092500,32.750,166.250,1,OK
24395,0.325000,5.092500,32.500,166.250,1,OK
24415,0.430000,5.078750,43.000,218.750,1,OK
24435,0.427500,5.077500,42.750,217.500,1,OK
24455,0.430000,5.078750,43.000,218.750,1,OK
24475,0.325000,5.093750,32.750,166.250,1,OK
24495,0.327500,5.092500,32.500,166.250,1,OK
24515,0.430000,5.077500,43.000,217.500,1,OK
24535,0.432500,5.075000,43.250,218.750,1,OK
24555,0.435000,5.078750,43.500,221.250,1,OK
24575,0.327500,5.093750,32.750,166.250,1,OK
24595,0.327500,5.093750,32.750,166.250,1,OK
24615,0.432500,5.077500,43.250,218.750,1,OK
24635,0.437500,5.078750,43.250,218.750,1,OK
24655,0.432500,5.077500,43.250,218.750,1,OK
24675,0.327500,5.092500,32.500,166.250,1,OK
24695,0.327500,5.093750,32.750,166.250,1,OK
24715,0.430000,5.075000,43.000,218.750,1,OK
24735,0.430000,5.078750,43.000,218.750,1,OK
24755,0.432500,5.080000,43.250,218.750,1,OK
24775,0.325000,5.093750,32.500,166.250,1,OK
24795,0.327500,5.093750,32.750,166.250,1,OK
24815,0.432500,5.080000,43.250,218.750,1,OK
24835,0.432500,5.078750,42.750,217.500,1,OK
24855,0.430000,5.077500,43.250,217.500,1,OK
24875,0.325000,5.088750,32.500,166.250,1,OK
24895,0.325000,5.093750,32.500,166.250,1,OK
24915,0.430000,5.078750,43.000,218.750,1,OK
24935,0.432500,5.078750,43.250,218.750,1,OK
24955,0.430000,5.078750,43.000,218.750,1,OK
24975,0.322500,5.093750,32.250,163.750,1,OK
24995,0.330000,5.095000,32.750,166.250,1,OK
25015,0.430000,5.078750,43.250,217.500,1,OK
25035,0.432500,5.078750,43.250,218.750,1,OK
25055,0.432500,5.076250,43.250,218.750,1,OK
25075,0.325000,5.092500,32.500,166.250,1,OK
25095,0.325000,5.093750,32.500,166.250,1,OK
25115,0.432500,5.078750,43.250,218.750,1,OK
25135,0.430000,5.078750,43.000,218.750,1,OK
25155,0.432500,5.077500,42.750,217.500,1,OK
25175,0.327500,5.092500,32.750,166.250,1,OK
25195,0.327500,5.093750,32.500,166.250,1,OK
25215,0.427500,5.077500,42.750,217.500,1,OK
25235,0.430000,5.077500,43.000,218.750,1,OK
25255,0.432500,5.077500,43.250,218.750,1,OK
25275,0.325000,5.093750,32.500,166.250,1,OK
25295,0.327500,5.093750,32.750,166.250,1,OK
25315,0.432500,5.078750,43.250,218.750,1,OK
25335,0.432500,5.078750,43.250,218.750,1,OK
25355,0.430000,5.078750,43.250,218.750,1,OK
25375,0.327500,5.093750,32.750,166.250,1,OK
25395,0.327500,5.088750,32.750,166.250,1,OK
25415,0.430000,5.078750,43.000,218.750,1,OK
25435,0.430000,5.078750,43.000,218.750,1,OK
25455,0.432500,5.078750,43.250,218.750,1,OK
25475,0.325000,5.093750,32.500,166.250,1,OK
25495,0.330000,5.093750,32.500,166.250,1,OK
25515,0.437500,5.078750,43.250,218.750,1,OK
25535,0.430000,5.078750,43.250,217.500,1,OK
25555,0.430000,5.077500,43.000,218.750,1,OK
25575,0.327500,5.091250,32.750,166.250,1,OK
25595,0.325000,5.091250,32.500,166.250,1,OK
25615,0.432500,5.078750,43.250,218.750,1,OK
25635,0.432500,5.077500,43.250,218.750,1,OK
25655,0.432500,5.078750,43.250,218.750,1,OK
25675,0.327500,5.092500,32.500,166.250,1,OK
25695,0.325000,5.095000,32.750,166.250,1,OK
25715,0.432500,5.078750,43.250,218.750,1,OK
25735,0.435000,5.073750,43.500,221.250,1,OK
25755,0.432500,5.078750,43.250,218.750,1,OK
25775,0.327500,5.093750,32.750,166.250,1,OK
25795,0.330000,5.093750,33.000,167.500,1,OK
25815,0.430000,5.078750,43.000,218.750,1,OK
25835,0.427500,5.078750,42.750,217.500,1,OK
25855,0.430000,5.077500,43.250,218.750,1,OK
25875,0.327500,5.093750,32.500,166.250,1,OK
25895,0.325000,5.093750,32.500,166.250,1,OK
25915,0.432500,5.075000,43.250,218.750,1,OK
25935,0.430000,5.078750,43.000,218.750,1,OK
25955,0.427500,5.077500,42.750,217.500,1,OK
25975,0.330000,5.092500,33.000,167.500,1,OK
25995,0.327500,5.092500,32.750,166.250,1,OK
26015,0.432500,5.078750,43.250,218.750,1,OK
26035,0.432500,5.078750,43.500,221.250,1,OK
26055,0.432500,5.077500,43.250,218.750,1,OK
26075,0.327500,5.092500,32.750,166.250,1,OK
26095,0.325000,5.092500,32.500,166.250,1,OK
26115,0.430000,5.078750,43.000,218.750,1,OK
26135,0.432500,5.078750,43.250,218.750,1,OK
26155,0.432500,5.078750,43.250,218.750,1,OK
26175,0.327500,5.092500,32.750,166.250,1,OK
26195,0.322500,5.092500,32.750,166.250,1,OK
26215,0.432500,5.078750,43.000,218.750,1,OK
26235,0.427500,5.077500,43.250,217.500,1,OK
26255,0.430000,5.073750,43.000,218.750,1,OK
26275,0.325000,5.093750,32.500,166.250,1,OK
26295,0.327500,5.093750,32.750,166.250,1,OK
26315,0.430000,5.078750,43.000,218.750,1,OK
26335,0.432500,5.077500,43.250,218.750,1,OK
26355,0.435000,5.076250,42.750,217.500,1,OK
26375,0.327500,5.093750,32.750,166.250,1,OK
26395,0.327500,5.093750,32.750,166.250,1,OK
26415,0.430000,5.078750,43.000,218.750,1,OK
26435,0.432500,5.076250,43.250,218.750,1,OK
26455,0.432500,5.077500,43.250,218.750,1,OK
26475,0.330000,5.093750,33.000,167.500,1,OK
26495,0.325000,5.093750,32.500,166.250,1,OK
26515,0.432500,5.078750,43.250,218.750,1,OK
26535,0.432500,5.077500,43.250,218.750,1,OK
26555,0.430000,5.077500,43.250,218.750,1,OK
26575,0.327500,5.093750,32.500,166.250,1,OK
26595,0.327500,5.087500,32.750,166.250,1,OK
26615,0.432500,5.078750,43.250,218.750,1,OK
26635,0.432500,5.078750,43.250,218.750,1,OK
26655,0.432500,5.077500,43.250,218.750,1,OK
26675,0.327500,5.095000,32.750,166.250,1,OK
26695,0.327500,5.092500,32.750,166.250,1,OK
26715,0.430000,5.078750,43.000,218.750,1,OK
26735,0.435000,5.077500,43.250,221.250,1,OK
26755,0.432500,5.077500,43.250,218.750,1,OK
26775,0.327500,5.088750,32.750,166.250,1,OK
26795,0.325000,5.093750,32.500,166.250,1,OK
26815,0.432500,5.077500,43.250,218.750,1,OK
26835,0.432500,5.078750,43.250,218.750,1,OK
26855,0.430000,5.077500,43.000,218.750,1,OK
26875,0.327500,5.092500,32.750,166.250,1,OK
26895,0.325000,5.093750,32.500,166.250,1,OK
26915,0.430000,5.077500,43.250,217.500,1,OK
26935,0.430000,5.078750,43.000,218.750,1,OK
26955,0.430000,5.077500,43.000,218.750,1,OK
26975,0.325000,5.093750,32.500,166.250,1,OK
26995,0.327500,5.093750,32.750,166.250,1,OK
27015,0.430000,5.077500,43.000,218.750,1,OK
27035,0.430000,5.078750,43.000,218.750,1,OK
27055,0.427500,5.077500,42.750,217.500,1,OK
27075,0.327500,5.091250,32.750,166.250,1,OK
27095,0.325000,5.093750,32.750,166.250,1,OK
27115,0.432500,5.073750,43.250,218.750,1,OK
27135,0.432500,5.078750,43.250,218.750,1,OK
27155,0.430000,5.078750,43.000,218.750,1,OK
27175,0.327500,5.093750,32.750,166.250,1,OK
27195,0.325000,5.092500,32.500,166.250,1,OK
27215,0.437500,5.078750,43.250,218.750,1,OK
27235,0.432500,5.078750,43.250,218.750,1,OK
27255,0.430000,5.077500,43.000,217.500,1,OK
27275,0.327500,5.093750,32.750,166.250,1,OK
27295,0.330000,5.090000,33.000,167.500,1,OK
27315,0.432500,5.077500,43.250,218.750,1,OK
27335,0.430000,5.078750,43.000,218.750,1,OK
27355,0.430000,5.077500,43.000,218.750,1,OK
27375,0.325000,5.092500,32.500,166.250,1,OK
27395,0.330000,5.092500,32.500,166.250,1,OK
27415,0.432500,5.080000,43.000,218.750,1,OK
27435,0.432500,5.078750,43.250,218.750,1,OK
27455,0.430000,5.073750,43.000,218.750,1,OK
27475,0.327500,5.092500,32.750,166.250,1,OK
27495,0.325000,5.093750,32.500,166.250,1,OK
27515,0.435000,5.077500,43.500,221.250,1,OK
27535,0.432500,5.077500,43.250,218.750,1,OK
27555,0.432500,5.078750,43.250,218.750,1,OK
27575,0.325000,5.092500,32.750,166.250,1,OK
27595,0.327500,5.093750,32.500,166.250,1,OK
27615,0.430000,5.077500,43.000,217.500,1,OK
27635,0.430000,5.073750,43.000,218.750,1,OK
27655,0.430000,5.077500,43.000,218.750,1,OK
27675,0.327500,5.093750,32.750,166.250,1,OK
27695,0.325000,5.093750,32.500,166.250,1,OK
27715,0.432500,5.078750,43.250,218.750,1,OK
27735,0.430000,5.078750,43.000,218.750,1,OK
27755,0.430000,5.077500,43.250,218.750,1,OK
27775,0.325000,5.092500,32.750,166.250,1,OK
27795,0.327500,5.092500,32.750,166.250,1,OK
27815,0.432500,5.077500,43.250,218.750,1,OK
27835,0.432500,5.078750,43.250,218.750,1,OK
27855,0.432500,5.077500,43.250,218.750,1,OK
27875,0.327500,5.093750,32.750,166.250,1,OK
27895,0.325000,5.093750,32.500,166.250,1,OK
27915,0.427500,5.078750,43.000,218.750,1,OK
27935,0.430000,5.078750,43.250,218.750,1,OK
27955,0.432500,5.077500,43.000,218.750,1,OK
27975,0.325000,5.090000,32.500,166.250,1,OK
27995,0.330000,5.093750,33.000,167.500,1,OK
28015,0.435000,5.078750,43.500,221.250,1,OK
28035,0.430000,5.077500,43.000,218.750,1,OK
28055,0.430000,5.077500,43.000,218.750,1,OK
28075,0.330000,5.092500,32.750,166.250,1,OK
28095,0.325000,5.093750,32.750,166.250,1,OK
28115,0.430000,5.078750,43.000,217.500,1,OK
28135,0.432500,5.078750,43.250,218.750,1,OK
28155,0.432500,5.076250,43.250,218.750,1,OK
28175,0.325000,5.093750,32.500,166.250,1,OK
28195,0.325000,5.093750,32.500,166.250,1,OK
28215,0.432500,5.078750,43.250,218.750,1,OK
28235,0.432500,5.077500,43.250,218.750,1,OK
28255,0.430000,5.078750,43.250,218.750,1,OK
28275,0.327500,5.093750,32.750,166.250,1,OK
28295,0.327500,5.095000,32.750,166.250,1,OK
28315,0.432500,5.073750,43.250,218.750,1,OK
28335,0.430000,5.078750,43.000,218.750,1,OK
28355,0.430000,5.078750,43.000,218.750,1,OK
28375,0.327500,5.092500,32.750,166.250,1,OK
28395,0.327500,5.093750,32.750,166.250,1,OK
28415,0.432500,5.077500,43.250,218.750,1,OK
28435,0.430000,5.077500,43.000,218.750,1,OK
28455,0.432500,5.077500,43.000,218.750,1,OK
28475,0.327500,5.092500,32.750,166.250,1,OK
28495,0.325000,5.090000,32.500,166.250,1,OK
28515,0.432500,5.077500,43.250,218.750,1,OK
28535,0.432500,5.077500,43.250,218.750,1,OK
28555,0.432500,5.077500,43.250,218.750,1,OK
28575,0.325000,5.093750,32.500,166.250,1,OK
28595,0.327500,5.093750,32.500,166.250,1,OK
28615,0.432500,5.078750,43.250,218.750,1,OK
28635,0.432500,5.077500,43.250,218.750,1,OK
28655,0.432500,5.078750,43.250,218.750,1,OK
28675,0.325000,5.093750,32.500,166.250,1,OK
28695,0.327500,5.095000,32.750,166.250,1,OK
28715,0.430000,5.078750,43.000,218.750,1,OK
28735,0.432500,5.077500,43.250,218.750,1,OK
28755,0.432500,5.078750,43.250,218.750,1,OK
28775,0.327500,5.093750,32.500,166.250,1,OK
28795,0.327500,5.092500,32.750,166.250,1,OK
28815,0.435000,5.078750,43.250,221.250,1,OK
28835,0.430000,5.075000,43.000,218.750,1,OK
28855,0.432500,5.078750,43.250,218.750,1,OK
28875,0.327500,5.093750,32.750,166.250,1,OK
28895,0.327500,5.093750,32.750,166.250,1,OK
28915,0.430000,5.078750,43.000,218.750,1,OK
28935,0.440000,5.080000,43.250,218.750,1,OK
28955,0.432500,5.077500,43.000,218.750,1,OK
28975,0.327500,5.092500,33.000,166.250,1,OK
28995,0.327500,5.093750,32.750,166.250,1,OK
29015,0.432500,5.076250,43.250,218.750,1,OK
29035,0.430000,5.078750,43.000,218.750,1,OK
29055,0.432500,5.078750,43.250,218.750,1,OK
29075,0.327500,5.093750,32.750,166.250,1,OK
29095,0.325000,5.092500,32.500,166.250,1,OK
29115,0.430000,5.077500,43.000,218.750,1,OK
29135,0.430000,5.078750,43.250,218.750,1,OK
29155,0.430000,5.077500,43.000,217.500,1,OK
29175,0.325000,5.088750,32.500,166.250,1,OK
29195,0.327500,5.093750,32.750,166.250,1,OK
29215,0.432500,5.078750,43.250,218.750,1,OK
29235,0.430000,5.078750,43.000,218.750,1,OK
29255,0.430000,5.077500,43.000,218.750,1,OK
29275,0.327500,5.093750,32.750,166.250,1,OK
29295,0.327500,5.093750,32.750,166.250,1,OK
29315,0.430000,5.078750,43.250,217.500,1,OK
29335,0.430000,5.076250,43.000,217.500,1,OK
29355,0.435000,5.075000,43.500,221.250,1,OK
29375,0.327500,5.093750,32.750,166.250,1,OK
29395,0.327500,5.092500,32.750,166.250,1,OK
29415,0.432500,5.078750,43.250,218.750,1,OK
29435,0.430000,5.078750,43.000,218.750,1,OK
29455,0.432500,5.077500,43.000,218.750,1,OK
29475,0.330000,5.092500,32.500,166.250,1,OK
29495,0.325000,5.093750,32.500,166.250,1,OK
29515,0.430000,5.078750,43.000,218.750,1,OK
29535,0.432500,5.077500,43.250,218.750,1,OK
29555,0.432500,5.077500,43.250,218.750,1,OK
29575,0.327500,5.093750,32.750,166.250,1,OK
29595,0.325000,5.092500,32.500,166.250,1,OK
29615,0.430000,5.078750,43.000,218.750,1,OK
29635,0.432500,5.078750,43.000,218.750,1,OK
29655,0.430000,5.077500,43.000,218.750,1,OK
29675,0.325000,5.092500,32.750,166.250,1,OK
29695,0.327500,5.090000,32.750,166.250,1,OK
29715,0.430000,5.077500,43.000,218.750,1,OK
29735,0.432500,5.080000,43.250,218.750,1,OK
29755,0.432500,5.077500,43.250,218.750,1,OK
29775,0.325000,5.093750,32.500,166.250,1,OK
29795,0.332500,5.093750,32.500,166.250,1,OK
29815,0.427500,5.080000,43.250,218.750,1,OK
29835,0.432500,5.078750,43.000,218.750,1,OK
29855,0.432500,5.078750,43.250,218.750,1,OK
29875,0.325000,5.091250,32.500,166.250,1,OK
29895,0.327500,5.093750,32.750,166.250,1,OK
29915,0.432500,5.078750,43.250,218.750,1,OK
29935,0.435000,5.078750,43.500,221.250,1,OK
29955,0.432500,5.077500,43.250,218.750,1,OK
29975,0.330000,5.092500,32.500,166.250,1,OK
29995,0.327500,5.093750,32.750,166.250,1,OK
# phase=final_idle
30015,0.322500,5.092500,32.500,163.750,0,OK
30035,0.327500,5.088750,32.750,166.250,0,OK
30055,0.327500,5.092500,32.750,166.250,0,OK
30075,0.327500,5.093750,32.750,166.250,0,OK
30095,0.322500,5.092500,32.250,163.750,0,OK
30115,0.327500,5.093750,32.750,166.250,0,OK
30135,0.327500,5.093750,32.750,166.250,0,OK
30155,0.327500,5.093750,32.250,163.750,0,OK
30175,0.325000,5.093750,32.750,166.250,0,OK
30195,0.325000,5.092500,32.500,166.250,0,OK
30215,0.327500,5.091250,32.750,166.250,0,OK
30235,0.327500,5.093750,32.750,166.250,0,OK
30255,0.322500,5.093750,32.250,163.750,0,OK
30275,0.327500,5.093750,32.750,166.250,0,OK
30295,0.327500,5.093750,32.750,166.250,0,OK
30315,0.330000,5.093750,32.750,166.250,0,OK
30335,0.325000,5.093750,32.250,163.750,0,OK
30355,0.327500,5.093750,33.000,166.250,0,OK
30375,0.327500,5.092500,32.750,166.250,0,OK
30395,0.330000,5.092500,33.000,167.500,0,OK
30415,0.327500,5.092500,32.750,166.250,0,OK
30435,0.327500,5.093750,32.750,166.250,0,OK
30455,0.330000,5.092500,33.000,167.500,0,OK
30475,0.327500,5.092500,32.750,166.250,0,OK
30495,0.327500,5.093750,32.750,166.250,0,OK
30515,0.327500,5.092500,32.500,166.250,0,OK
30535,0.325000,5.093750,33.000,166.250,0,OK
30555,0.325000,5.088750,32.500,166.250,0,OK
30575,0.325000,5.093750,32.500,166.250,0,OK
30595,0.327500,5.092500,32.750,166.250,0,OK
30615,0.325000,5.093750,32.500,166.250,0,OK
30635,0.325000,5.092500,32.500,166.250,0,OK
30655,0.330000,5.092500,32.750,166.250,0,OK
30675,0.327500,5.093750,32.500,166.250,0,OK
30695,0.327500,5.093750,32.500,166.250,0,OK
30715,0.327500,5.093750,32.750,166.250,0,OK
30735,0.330000,5.092500,33.000,167.500,0,OK
30755,0.325000,5.092500,32.500,166.250,0,OK
30775,0.327500,5.093750,32.750,166.250,0,OK
30795,0.327500,5.093750,32.750,166.250,0,OK
30815,0.325000,5.093750,32.500,166.250,0,OK
30835,0.322500,5.093750,32.250,163.750,0,OK
30855,0.327500,5.092500,32.500,166.250,0,OK
30875,0.325000,5.093750,32.500,166.250,0,OK
30895,0.327500,5.088750,32.750,166.250,0,OK
30915,0.327500,5.093750,32.750,166.250,0,OK
30935,0.322500,5.093750,32.250,163.750,0,OK
30955,0.327500,5.092500,32.750,166.250,0,OK
30975,0.327500,5.093750,32.750,166.250,0,OK
30995,0.327500,5.093750,32.750,166.250,0,OK
31015,0.327500,5.093750,32.750,166.250,0,OK
31035,0.327500,5.093750,32.750,166.250,0,OK
31055,0.325000,5.093750,32.500,166.250,0,OK
31075,0.325000,5.090000,32.500,166.250,0,OK
31095,0.322500,5.092500,32.250,163.750,0,OK
31115,0.325000,5.093750,32.500,166.250,0,OK
31135,0.325000,5.092500,32.500,166.250,0,OK
31155,0.327500,5.092500,32.750,166.250,0,OK
31175,0.325000,5.095000,32.750,166.250,0,OK
31195,0.325000,5.092500,32.750,166.250,0,OK
31215,0.325000,5.093750,32.250,166.250,0,OK
31235,0.327500,5.093750,32.750,166.250,0,OK
31255,0.327500,5.092500,32.750,166.250,0,OK
31275,0.325000,5.093750,32.500,166.250,0,OK
31295,0.325000,5.093750,32.500,166.250,0,OK
31315,0.322500,5.092500,32.250,163.750,0,OK
31335,0.325000,5.093750,32.500,166.250,0,OK
31355,0.327500,5.092500,32.500,166.250,0,OK
31375,0.327500,5.095000,32.750,166.250,0,OK
31395,0.325000,5.093750,32.750,166.250,0,OK
31415,0.327500,5.090000,32.750,166.250,0,OK
31435,0.327500,5.093750,32.750,166.250,0,OK
31455,0.325000,5.092500,32.500,166.250,0,OK
31475,0.327500,5.093750,32.750,166.250,0,OK
31495,0.325000,5.093750,32.500,166.250,0,OK
31515,0.335000,5.093750,32.500,166.250,0,OK
31535,0.330000,5.093750,32.750,166.250,0,OK
31555,0.325000,5.092500,32.750,166.250,0,OK
31575,0.327500,5.093750,32.750,166.250,0,OK
31595,0.327500,5.091250,32.750,166.250,0,OK
31615,0.325000,5.093750,32.500,166.250,0,OK
31635,0.325000,5.093750,32.500,166.250,0,OK
31655,0.327500,5.093750,32.750,166.250,0,OK
31675,0.322500,5.093750,32.250,163.750,0,OK
31695,0.325000,5.092500,32.500,166.250,0,OK
31715,0.327500,5.093750,32.500,166.250,0,OK
31735,0.327500,5.092500,32.500,166.250,0,OK
31755,0.325000,5.088750,32.500,166.250,0,OK
31775,0.327500,5.093750,32.750,166.250,0,OK
31795,0.327500,5.093750,32.750,166.250,0,OK
31815,0.325000,5.093750,32.500,166.250,0,OK
31835,0.327500,5.093750,32.750,166.250,0,OK
31855,0.327500,5.093750,32.750,166.250,0,OK
31875,0.327500,5.093750,32.750,166.250,0,OK
31895,0.325000,5.093750,32.750,166.250,0,OK
31915,0.325000,5.092500,32.750,166.250,0,OK
31935,0.327500,5.090000,32.750,166.250,0,OK
31955,0.325000,5.092500,32.500,166.250,0,OK
31975,0.325000,5.093750,32.500,166.250,0,OK
31995,0.325000,5.092500,32.500,166.250,0,OK
32015,0.327500,5.095000,32.750,166.250,0,OK
32035,0.330000,5.092500,32.750,166.250,0,OK
32055,0.325000,5.093750,32.750,166.250,0,OK
32075,0.327500,5.093750,32.500,166.250,0,OK
32095,0.327500,5.093750,32.750,166.250,0,OK
32115,0.327500,5.092500,32.750,166.250,0,OK
32135,0.325000,5.093750,32.500,166.250,0,OK
32155,0.327500,5.092500,32.750,166.250,0,OK
32175,0.325000,5.092500,32.500,166.250,0,OK
32195,0.325000,5.093750,32.500,166.250,0,OK
32215,0.327500,5.092500,32.750,166.250,0,OK
32235,0.327500,5.093750,32.500,166.250,0,OK
32255,0.325000,5.092500,32.500,166.250,0,OK
32275,0.325000,5.088750,32.500,166.250,0,OK
32295,0.327500,5.092500,32.750,166.250,0,OK
32315,0.327500,5.093750,32.750,166.250,0,OK
32335,0.330000,5.095000,33.000,167.500,0,OK
32355,0.325000,5.093750,32.500,166.250,0,OK
32375,0.335000,5.092500,32.750,166.250,0,OK
32395,0.325000,5.093750,33.000,167.500,0,OK
32415,0.330000,5.093750,32.500,167.500,0,OK
32435,0.327500,5.093750,32.750,166.250,0,OK
32455,0.327500,5.091250,32.750,166.250,0,OK
32475,0.322500,5.092500,32.250,163.750,0,OK
32495,0.327500,5.092500,32.750,166.250,0,OK
32515,0.327500,5.093750,32.750,166.250,0,OK
32535,0.327500,5.092500,32.750,166.250,0,OK
32555,0.327500,5.092500,32.750,166.250,0,OK
32575,0.325000,5.093750,33.000,167.500,0,OK
32595,0.327500,5.093750,32.500,166.250,0,OK
32615,0.325000,5.090000,32.500,166.250,0,OK
32635,0.325000,5.093750,32.500,166.250,0,OK
32655,0.325000,5.092500,32.500,166.250,0,OK
32675,0.322500,5.093750,32.250,163.750,0,OK
32695,0.325000,5.093750,32.500,166.250,0,OK
32715,0.327500,5.093750,32.750,166.250,0,OK
32735,0.327500,5.093750,32.500,166.250,0,OK
32755,0.325000,5.093750,32.750,166.250,0,OK
32775,0.330000,5.092500,33.000,167.500,0,OK
32795,0.325000,5.090000,32.500,166.250,0,OK
32815,0.327500,5.093750,32.750,166.250,0,OK
32835,0.327500,5.092500,32.750,166.250,0,OK
32855,0.325000,5.092500,32.500,166.250,0,OK
32875,0.327500,5.092500,32.750,166.250,0,OK
32895,0.325000,5.093750,32.500,166.250,0,OK
32915,0.327500,5.092500,32.500,166.250,0,OK
32935,0.325000,5.093750,32.500,166.250,0,OK
32955,0.327500,5.093750,32.750,166.250,0,OK
32975,0.327500,5.092500,32.750,166.250,0,OK
32995,0.325000,5.093750,32.500,166.250,0,OK
33015,0.327500,5.092500,32.750,166.250,0,OK
33035,0.330000,5.093750,33.000,167.500,0,OK
33055,0.327500,5.093750,32.750,166.250,0,OK
33075,0.325000,5.092500,33.000,167.500,0,OK
33095,0.327500,5.093750,32.250,163.750,0,OK
33115,0.325000,5.093750,32.500,166.250,0,OK
33135,0.322500,5.090000,32.250,163.750,0,OK
33155,0.327500,5.091250,32.750,166.250,0,OK
33175,0.327500,5.095000,32.750,166.250,0,OK
33195,0.327500,5.093750,32.750,166.250,0,OK
33215,0.325000,5.095000,32.500,166.250,0,OK
33235,0.330000,5.093750,32.500,166.250,0,OK
33255,0.325000,5.093750,32.750,166.250,0,OK
33275,0.322500,5.093750,32.500,163.750,0,OK
33295,0.327500,5.093750,32.750,166.250,0,OK
33315,0.325000,5.091250,32.500,166.250,0,OK
33335,0.327500,5.095000,32.750,166.250,0,OK
33355,0.327500,5.093750,32.750,166.250,0,OK
33375,0.325000,5.093750,32.500,166.250,0,OK
33395,0.325000,5.092500,32.500,166.250,0,OK
33415,0.327500,5.093750,32.750,166.250,0,OK
33435,0.327500,5.093750,32.500,166.250,0,OK
33455,0.325000,5.093750,32.250,166.250,0,OK
33475,0.327500,5.088750,32.750,166.250,0,OK
33495,0.325000,5.093750,32.500,166.250,0,OK
33515,0.325000,5.093750,32.500,166.250,0,OK
33535,0.327500,5.093750,32.750,166.250,0,OK
33555,0.325000,5.092500,32.500,166.250,0,OK
33575,0.327500,5.093750,32.750,166.250,0,OK
33595,0.325000,5.092500,32.750,166.250,0,OK
33615,0.322500,5.092500,32.500,166.250,0,OK
33635,0.327500,5.095000,32.750,166.250,0,OK
33655,0.327500,5.090000,32.750,166.250,0,OK
33675,0.325000,5.092500,32.500,166.250,0,OK
33695,0.327500,5.092500,32.750,166.250,0,OK
33715,0.327500,5.093750,32.750,166.250,0,OK
33735,0.327500,5.093750,32.750,166.250,0,OK
33755,0.327500,5.093750,32.500,166.250,0,OK
33775,0.327500,5.091250,32.750,166.250,0,OK
33795,0.330000,5.093750,32.750,167.500,0,OK
33815,0.327500,5.093750,32.750,166.250,0,OK
33835,0.327500,5.092500,32.750,166.250,0,OK
33855,0.327500,5.092500,32.750,166.250,0,OK
33875,0.327500,5.093750,32.750,166.250,0,OK
33895,0.327500,5.092500,32.750,166.250,0,OK
33915,0.325000,5.093750,32.500,166.250,0,OK
33935,0.327500,5.092500,32.250,163.750,0,OK
33955,0.330000,5.092500,32.750,166.250,0,OK
33975,0.327500,5.095000,32.500,166.250,0,OK
33995,0.325000,5.088750,32.500,166.250,0,OK
34015,0.325000,5.092500,32.500,166.250,0,OK
34035,0.325000,5.093750,32.500,166.250,0,OK
34055,0.325000,5.092500,32.500,166.250,0,OK
34075,0.325000,5.093750,32.500,166.250,0,OK
34095,0.330000,5.093750,32.500,166.250,0,OK
34115,0.327500,5.093750,32.750,166.250,0,OK
34135,0.327500,5.093750,32.500,166.250,0,OK
34155,0.325000,5.093750,32.500,166.250,0,OK
34175,0.327500,5.091250,32.750,166.250,0,OK
34195,0.322500,5.093750,32.250,163.750,0,OK
34215,0.325000,5.093750,32.500,166.250,0,OK
34235,0.330000,5.093750,33.000,167.500,0,OK
34255,0.327500,5.092500,32.750,166.250,0,OK
34275,0.327500,5.093750,32.750,166.250,0,OK
34295,0.327500,5.093750,32.750,166.250,0,OK
34315,0.325000,5.093750,32.500,166.250,0,OK
34335,0.327500,5.086250,32.750,166.250,0,OK
34355,0.327500,5.093750,32.750,166.250,0,OK
34375,0.327500,5.095000,32.750,166.250,0,OK
34395,0.327500,5.093750,32.750,166.250,0,OK
34415,0.327500,5.093750,32.750,166.250,0,OK
34435,0.327500,5.093750,32.750,166.250,0,OK
34455,0.330000,5.093750,32.500,166.250,0,OK
34475,0.330000,5.093750,32.500,166.250,0,OK
34495,0.325000,5.092500,32.500,166.250,0,OK
34515,0.327500,5.091250,32.750,166.250,0,OK
34535,0.330000,5.092500,33.000,167.500,0,OK
34555,0.325000,5.093750,32.500,166.250,0,OK
34575,0.325000,5.093750,32.500,166.250,0,OK
34595,0.325000,5.093750,32.500,166.250,0,OK
34615,0.330000,5.093750,32.750,166.250,0,OK
34635,0.327500,5.092500,32.750,166.250,0,OK
34655,0.327500,5.093750,32.500,166.250,0,OK
34675,0.327500,5.093750,32.750,166.250,0,OK
34695,0.325000,5.091250,32.500,166.250,0,OK
34715,0.322500,5.093750,32.250,163.750,0,OK
34735,0.327500,5.093750,32.750,166.250,0,OK
34755,0.327500,5.093750,32.750,166.250,0,OK
34775,0.325000,5.093750,32.500,166.250,0,OK
34795,0.327500,5.092500,32.750,166.250,0,OK
34815,0.330000,5.093750,32.750,166.250,0,OK
34835,0.325000,5.093750,32.750,166.250,0,OK
34855,0.327500,5.090000,32.750,166.250,0,OK
34875,0.327500,5.093750,32.750,166.250,0,OK
34895,0.327500,5.093750,32.750,166.250,0,OK
34915,0.325000,5.093750,32.500,166.250,0,OK
34935,0.327500,5.093750,32.750,166.250,0,OK
34955,0.335000,5.092500,32.750,166.250,0,OK
34975,0.325000,5.093750,32.500,166.250,0,OK
34995,0.322500,5.093750,32.500,163.750,0,OK
35015,0.327500,5.092500,32.750,166.250,0,OK
35035,0.325000,5.091250,32.500,166.250,0,OK
35055,0.327500,5.093750,32.750,166.250,0,OK
35075,0.325000,5.093750,32.500,166.250,0,OK
35095,0.325000,5.093750,32.500,166.250,0,OK
35115,0.325000,5.093750,32.500,166.250,0,OK
35135,0.322500,5.092500,32.500,166.250,0,OK
35155,0.327500,5.093750,32.750,166.250,0,OK
35175,0.327500,5.092500,32.500,166.250,0,OK
35195,0.325000,5.087500,32.500,166.250,0,OK
35215,0.327500,5.092500,32.750,166.250,0,OK
35235,0.330000,5.093750,33.000,167.500,0,OK
35255,0.327500,5.093750,32.750,166.250,0,OK
35275,0.325000,5.093750,32.500,166.250,0,OK
35295,0.325000,5.093750,32.500,166.250,0,OK
35315,0.322500,5.093750,32.500,166.250,0,OK
35335,0.325000,5.093750,32.750,166.250,0,OK
35355,0.325000,5.092500,32.500,166.250,0,OK
35375,0.327500,5.090000,32.750,166.250,0,OK
35395,0.327500,5.093750,32.750,166.250,0,OK
35415,0.322500,5.095000,32.250,163.750,0,OK
35435,0.332500,5.093750,33.250,170.000,0,OK
35455,0.327500,5.093750,32.750,166.250,0,OK
35475,0.327500,5.093750,32.750,166.250,0,OK
35495,0.327500,5.093750,32.750,166.250,0,OK
35515,0.327500,5.093750,32.500,166.250,0,OK
35535,0.325000,5.095000,32.500,166.250,0,OK
35555,0.325000,5.092500,32.500,166.250,0,OK
35575,0.327500,5.093750,32.750,166.250,0,OK
35595,0.327500,5.092500,32.750,166.250,0,OK
35615,0.327500,5.093750,32.750,166.250,0,OK
35635,0.327500,5.093750,32.750,166.250,0,OK
35655,0.327500,5.093750,33.000,167.500,0,OK
35675,0.327500,5.095000,32.750,166.250,0,OK
35695,0.327500,5.093750,32.250,166.250,0,OK
35715,0.327500,5.088750,32.750,166.250,0,OK
35735,0.325000,5.093750,32.500,166.250,0,OK
35755,0.327500,5.092500,32.750,166.250,0,OK
35775,0.322500,5.093750,32.250,163.750,0,OK
35795,0.330000,5.093750,33.000,167.500,0,OK
35815,0.332500,5.093750,32.500,166.250,0,OK
35835,0.325000,5.092500,32.500,166.250,0,OK
35855,0.327500,5.092500,32.500,166.250,0,OK
35875,0.327500,5.093750,32.750,166.250,0,OK
35895,0.322500,5.092500,32.250,163.750,0,OK
35915,0.325000,5.093750,32.500,166.250,0,OK
35935,0.327500,5.093750,32.750,166.250,0,OK
35955,0.325000,5.093750,32.500,166.250,0,OK
35975,0.327500,5.093750,32.750,166.250,0,OK
35995,0.325000,5.093750,32.750,166.250,0,OK
36015,0.325000,5.092500,32.500,166.250,0,OK
36035,0.327500,5.095000,32.750,166.250,0,OK
36055,0.330000,5.087500,33.000,167.500,0,OK
36075,0.330000,5.092500,33.000,167.500,0,OK
36095,0.325000,5.093750,32.500,166.250,0,OK
36115,0.330000,5.095000,33.000,167.500,0,OK
36135,0.327500,5.095000,32.750,166.250,0,OK
36155,0.327500,5.093750,32.750,166.250,0,OK
36175,0.325000,5.093750,32.750,166.250,0,OK
36195,0.327500,5.092500,32.500,166.250,0,OK
36215,0.327500,5.093750,32.750,166.250,0,OK
36235,0.325000,5.091250,32.500,166.250,0,OK
36255,0.327500,5.093750,32.750,166.250,0,OK
36275,0.327500,5.093750,32.750,166.250,0,OK
36295,0.325000,5.095000,32.500,166.250,0,OK
36315,0.327500,5.093750,32.750,166.250,0,OK
36335,0.325000,5.095000,32.500,166.250,0,OK
36355,0.327500,5.092500,32.750,166.250,0,OK
36375,0.327500,5.093750,32.750,166.250,0,OK
36395,0.330000,5.092500,33.000,167.500,0,OK
36415,0.330000,5.092500,33.000,167.500,0,OK
36435,0.325000,5.093750,32.500,166.250,0,OK
36455,0.327500,5.092500,32.750,166.250,0,OK
36475,0.327500,5.093750,32.750,166.250,0,OK
36495,0.327500,5.092500,32.750,166.250,0,OK
36515,0.325000,5.095000,32.750,166.250,0,OK
36535,0.327500,5.095000,32.750,166.250,0,OK
36555,0.327500,5.092500,32.750,166.250,0,OK
36575,0.330000,5.091250,33.000,167.500,0,OK
36595,0.327500,5.093750,32.750,166.250,0,OK
36615,0.327500,5.093750,32.750,166.250,0,OK
36635,0.327500,5.093750,32.750,166.250,0,OK
36655,0.325000,5.093750,32.500,166.250,0,OK
36675,0.330000,5.092500,32.500,166.250,0,OK
36695,0.325000,5.093750,32.750,166.250,0,OK
36715,0.327500,5.095000,32.500,166.250,0,OK
36735,0.325000,5.093750,32.500,166.250,0,OK
36755,0.325000,5.091250,32.500,166.250,0,OK
36775,0.325000,5.093750,32.500,166.250,0,OK
36795,0.327500,5.093750,32.750,166.250,0,OK
36815,0.325000,5.093750,32.500,166.250,0,OK
36835,0.327500,5.093750,32.750,166.250,0,OK
36855,0.327500,5.093750,32.750,166.250,0,OK
36875,0.325000,5.092500,32.750,166.250,0,OK
36895,0.325000,5.093750,32.500,166.250,0,OK
36915,0.322500,5.088750,32.250,163.750,0,OK
36935,0.330000,5.092500,33.000,167.500,0,OK
36955,0.327500,5.095000,32.750,166.250,0,OK
36975,0.325000,5.093750,32.500,166.250,0,OK
36995,0.327500,5.093750,32.750,166.250,0,OK
37015,0.327500,5.095000,32.750,166.250,0,OK
37035,0.327500,5.093750,32.500,166.250,0,OK
37055,0.330000,5.093750,32.250,163.750,0,OK
37075,0.325000,5.092500,32.500,166.250,0,OK
37095,0.325000,5.090000,32.500,166.250,0,OK
37115,0.325000,5.095000,32.500,166.250,0,OK
37135,0.330000,5.093750,33.000,167.500,0,OK
37155,0.327500,5.093750,32.750,166.250,0,OK
37175,0.327500,5.093750,32.750,166.250,0,OK
37195,0.327500,5.093750,32.500,166.250,0,OK
37215,0.327500,5.093750,32.750,166.250,0,OK
37235,0.327500,5.095000,32.500,166.250,0,OK
37255,0.327500,5.093750,32.750,166.250,0,OK
37275,0.325000,5.092500,32.500,166.250,0,OK
37295,0.325000,5.093750,32.500,166.250,0,OK
37315,0.327500,5.092500,32.750,166.250,0,OK
37335,0.327500,5.095000,32.750,166.250,0,OK
37355,0.327500,5.092500,32.750,166.250,0,OK
37375,0.327500,5.092500,32.500,166.250,0,OK
37395,0.327500,5.093750,32.750,166.250,0,OK
37415,0.327500,5.095000,32.500,166.250,0,OK
37435,0.325000,5.090000,32.500,166.250,0,OK
37455,0.330000,5.093750,33.000,167.500,0,OK
37475,0.327500,5.093750,32.750,166.250,0,OK
37495,0.327500,5.093750,32.750,166.250,0,OK
37515,0.325000,5.095000,32.500,166.250,0,OK
37535,0.330000,5.093750,32.500,166.250,0,OK
37555,0.327500,5.092500,33.000,167.500,0,OK
37575,0.325000,5.093750,32.500,166.250,0,OK
37595,0.325000,5.092500,32.500,166.250,0,OK
37615,0.327500,5.092500,32.750,166.250,0,OK
37635,0.327500,5.093750,32.750,166.250,0,OK
37655,0.327500,5.093750,32.750,166.250,0,OK
37675,0.330000,5.093750,33.000,167.500,0,OK
37695,0.327500,5.093750,32.750,166.250,0,OK
37715,0.325000,5.093750,32.750,166.250,0,OK
37735,0.325000,5.092500,32.500,166.250,0,OK
37755,0.325000,5.093750,32.500,166.250,0,OK
37775,0.325000,5.088750,32.500,166.250,0,OK
37795,0.325000,5.092500,32.500,166.250,0,OK
37815,0.325000,5.093750,32.500,166.250,0,OK
37835,0.325000,5.095000,32.500,166.250,0,OK
37855,0.327500,5.093750,32.750,166.250,0,OK
37875,0.330000,5.092500,33.000,167.500,0,OK
37895,0.327500,5.093750,32.500,166.250,0,OK
37915,0.327500,5.095000,33.000,167.500,0,OK
37935,0.327500,5.093750,32.750,166.250,0,OK
37955,0.322500,5.090000,32.250,163.750,0,OK
37975,0.325000,5.091250,32.500,166.250,0,OK
37995,0.325000,5.092500,32.500,166.250,0,OK
38015,0.325000,5.093750,32.500,166.250,0,OK
38035,0.327500,5.093750,32.750,166.250,0,OK
38055,0.327500,5.092500,32.750,166.250,0,OK
38075,0.325000,5.093750,32.750,166.250,0,OK
38095,0.327500,5.092500,32.500,166.250,0,OK
38115,0.330000,5.095000,33.000,167.500,0,OK
38135,0.330000,5.092500,33.000,167.500,0,OK
38155,0.325000,5.092500,32.500,166.250,0,OK
38175,0.327500,5.093750,32.750,166.250,0,OK
38195,0.322500,5.093750,32.250,163.750,0,OK
38215,0.327500,5.093750,32.750,166.250,0,OK
38235,0.327500,5.093750,33.000,167.500,0,OK
38255,0.325000,5.093750,32.750,166.250,0,OK
38275,0.325000,5.093750,32.500,166.250,0,OK
38295,0.327500,5.090000,32.750,166.250,0,OK
38315,0.325000,5.092500,32.500,166.250,0,OK
38335,0.327500,5.093750,32.750,166.250,0,OK
38355,0.327500,5.092500,32.750,166.250,0,OK
38375,0.327500,5.095000,32.750,166.250,0,OK
38395,0.332500,5.092500,32.250,163.750,0,OK
38415,0.327500,5.093750,32.750,166.250,0,OK
38435,0.325000,5.093750,32.500,166.250,0,OK
38455,0.327500,5.092500,32.750,166.250,0,OK
38475,0.327500,5.092500,32.750,166.250,0,OK
38495,0.325000,5.093750,32.500,166.250,0,OK
38515,0.327500,5.095000,32.750,166.250,0,OK
38535,0.325000,5.093750,32.500,166.250,0,OK
38555,0.327500,5.092500,32.750,166.250,0,OK
38575,0.325000,5.092500,32.750,166.250,0,OK
38595,0.327500,5.093750,32.750,166.250,0,OK
38615,0.325000,5.093750,32.750,166.250,0,OK
38635,0.327500,5.088750,32.750,166.250,0,OK
38655,0.325000,5.093750,32.500,166.250,0,OK
38675,0.327500,5.093750,32.750,166.250,0,OK
38695,0.325000,5.093750,32.500,166.250,0,OK
38715,0.327500,5.093750,32.750,166.250,0,OK
38735,0.325000,5.095000,32.500,166.250,0,OK
38755,0.327500,5.092500,32.500,166.250,0,OK
38775,0.325000,5.091250,32.250,163.750,0,OK
38795,0.327500,5.092500,32.750,166.250,0,OK
38815,0.325000,5.091250,32.500,166.250,0,OK
38835,0.325000,5.093750,32.500,166.250,0,OK
38855,0.325000,5.092500,32.500,166.250,0,OK
38875,0.325000,5.093750,32.500,166.250,0,OK
38895,0.325000,5.093750,32.500,166.250,0,OK
38915,0.327500,5.093750,32.500,166.250,0,OK
38935,0.327500,5.092500,32.750,166.250,0,OK
38955,0.327500,5.092500,32.500,166.250,0,OK
38975,0.327500,5.093750,32.750,166.250,0,OK
38995,0.327500,5.092500,32.750,166.250,0,OK
39015,0.327500,5.095000,32.750,166.250,0,OK
39035,0.325000,5.095000,32.500,166.250,0,OK
39055,0.325000,5.092500,32.500,166.250,0,OK
39075,0.330000,5.092500,33.000,167.500,0,OK
39095,0.327500,5.093750,32.750,166.250,0,OK
39115,0.325000,5.093750,32.750,166.250,0,OK
39135,0.327500,5.093750,32.750,166.250,0,OK
39155,0.327500,5.087500,32.750,166.250,0,OK
39175,0.325000,5.092500,32.500,166.250,0,OK
39195,0.327500,5.092500,32.750,166.250,0,OK
39215,0.327500,5.093750,32.750,166.250,0,OK
39235,0.325000,5.093750,32.500,166.250,0,OK
39255,0.330000,5.092500,32.250,163.750,0,OK
39275,0.330000,5.092500,32.750,166.250,0,OK
39295,0.327500,5.092500,32.750,166.250,0,OK
39315,0.325000,5.092500,32.500,166.250,0,OK
39335,0.330000,5.091250,33.000,167.500,0,OK
39355,0.327500,5.093750,32.750,166.250,0,OK
39375,0.327500,5.092500,32.750,166.250,0,OK
39395,0.327500,5.093750,32.750,166.250,0,OK
39415,0.327500,5.093750,32.750,166.250,0,OK
39435,0.327500,5.093750,32.500,166.250,0,OK
39455,0.327500,5.093750,32.750,166.250,0,OK
39475,0.327500,5.092500,33.000,166.250,0,OK
39495,0.327500,5.086250,32.750,166.250,0,OK
39515,0.325000,5.090000,32.500,166.250,0,OK
39535,0.325000,5.091250,32.500,166.250,0,OK
39555,0.327500,5.090000,32.750,166.250,0,OK
39575,0.330000,5.090000,33.000,167.500,0,OK
39595,0.327500,5.091250,32.750,166.250,0,OK
39615,0.325000,5.092500,32.500,166.250,0,OK
39635,0.330000,5.093750,33.000,167.500,0,OK
39655,0.327500,5.091250,32.750,166.250,0,OK
39675,0.327500,5.088750,32.750,166.250,0,OK
39695,0.330000,5.093750,33.000,167.500,0,OK
39715,0.327500,5.092500,32.750,166.250,0,OK
39735,0.325000,5.092500,32.500,166.250,0,OK
39755,0.325000,5.092500,32.500,166.250,0,OK
39775,0.325000,5.092500,32.750,166.250,0,OK
39795,0.325000,5.092500,32.500,166.250,0,OK
39815,0.327500,5.093750,32.750,166.250,0,OK
39835,0.327500,5.092500,32.750,166.250,0,OK
39855,0.327500,5.092500,32.750,166.250,0,OK
39875,0.322500,5.093750,32.250,163.750,0,OK
39895,0.327500,5.092500,32.750,166.250,0,OK
39915,0.327500,5.093750,32.750,166.250,0,OK
39935,0.330000,5.093750,33.000,167.500,0,OK
39955,0.327500,5.093750,32.500,166.250,0,OK
39975,0.325000,5.092500,32.500,166.250,0,OK
39995,0.330000,5.092500,32.500,167.500,0,OK
# experiment_complete
# workload_result=3062142231
[0;32mI (40772) main_task: Returned from app_main()[0m
